Archive member included to satisfy reference by file (symbol)

c:/st/stm32cubeide_1.5.1/stm32cubeide/plugins/com.st.stm32cube.ide.mcu.externaltools.gnu-tools-for-stm32.7-2018-q2-update.win32_1.5.0.202011040924/tools/bin/../lib/gcc/arm-none-eabi/7.3.1/../../../../arm-none-eabi/lib/thumb/v7-m\libc_nano.a(lib_a-errno.o)
                              Src/syscalls.o (__errno)
c:/st/stm32cubeide_1.5.1/stm32cubeide/plugins/com.st.stm32cube.ide.mcu.externaltools.gnu-tools-for-stm32.7-2018-q2-update.win32_1.5.0.202011040924/tools/bin/../lib/gcc/arm-none-eabi/7.3.1/../../../../arm-none-eabi/lib/thumb/v7-m\libc_nano.a(lib_a-exit.o)
                              c:/st/stm32cubeide_1.5.1/stm32cubeide/plugins/com.st.stm32cube.ide.mcu.externaltools.gnu-tools-for-stm32.7-2018-q2-update.win32_1.5.0.202011040924/tools/bin/../lib/gcc/arm-none-eabi/7.3.1/../../../../arm-none-eabi/lib/thumb/v7-m/crt0.o (exit)
c:/st/stm32cubeide_1.5.1/stm32cubeide/plugins/com.st.stm32cube.ide.mcu.externaltools.gnu-tools-for-stm32.7-2018-q2-update.win32_1.5.0.202011040924/tools/bin/../lib/gcc/arm-none-eabi/7.3.1/../../../../arm-none-eabi/lib/thumb/v7-m\libc_nano.a(lib_a-impure.o)
                              c:/st/stm32cubeide_1.5.1/stm32cubeide/plugins/com.st.stm32cube.ide.mcu.externaltools.gnu-tools-for-stm32.7-2018-q2-update.win32_1.5.0.202011040924/tools/bin/../lib/gcc/arm-none-eabi/7.3.1/../../../../arm-none-eabi/lib/thumb/v7-m\libc_nano.a(lib_a-exit.o) (_global_impure_ptr)
c:/st/stm32cubeide_1.5.1/stm32cubeide/plugins/com.st.stm32cube.ide.mcu.externaltools.gnu-tools-for-stm32.7-2018-q2-update.win32_1.5.0.202011040924/tools/bin/../lib/gcc/arm-none-eabi/7.3.1/../../../../arm-none-eabi/lib/thumb/v7-m\libc_nano.a(lib_a-init.o)
                              c:/st/stm32cubeide_1.5.1/stm32cubeide/plugins/com.st.stm32cube.ide.mcu.externaltools.gnu-tools-for-stm32.7-2018-q2-update.win32_1.5.0.202011040924/tools/bin/../lib/gcc/arm-none-eabi/7.3.1/../../../../arm-none-eabi/lib/thumb/v7-m/crt0.o (__libc_init_array)
c:/st/stm32cubeide_1.5.1/stm32cubeide/plugins/com.st.stm32cube.ide.mcu.externaltools.gnu-tools-for-stm32.7-2018-q2-update.win32_1.5.0.202011040924/tools/bin/../lib/gcc/arm-none-eabi/7.3.1/../../../../arm-none-eabi/lib/thumb/v7-m\libc_nano.a(lib_a-memset.o)
                              c:/st/stm32cubeide_1.5.1/stm32cubeide/plugins/com.st.stm32cube.ide.mcu.externaltools.gnu-tools-for-stm32.7-2018-q2-update.win32_1.5.0.202011040924/tools/bin/../lib/gcc/arm-none-eabi/7.3.1/../../../../arm-none-eabi/lib/thumb/v7-m/crt0.o (memset)
c:/st/stm32cubeide_1.5.1/stm32cubeide/plugins/com.st.stm32cube.ide.mcu.externaltools.gnu-tools-for-stm32.7-2018-q2-update.win32_1.5.0.202011040924/tools/bin/../lib/gcc/arm-none-eabi/7.3.1/thumb/v7-m\libgcc.a(_aeabi_ldivmod.o)
                              Src/LCD_program.o (__aeabi_ldivmod)
c:/st/stm32cubeide_1.5.1/stm32cubeide/plugins/com.st.stm32cube.ide.mcu.externaltools.gnu-tools-for-stm32.7-2018-q2-update.win32_1.5.0.202011040924/tools/bin/../lib/gcc/arm-none-eabi/7.3.1/thumb/v7-m\libgcc.a(_aeabi_uldivmod.o)
                              Src/LCD_program.o (__aeabi_uldivmod)
c:/st/stm32cubeide_1.5.1/stm32cubeide/plugins/com.st.stm32cube.ide.mcu.externaltools.gnu-tools-for-stm32.7-2018-q2-update.win32_1.5.0.202011040924/tools/bin/../lib/gcc/arm-none-eabi/7.3.1/thumb/v7-m\libgcc.a(_udivmoddi4.o)
                              c:/st/stm32cubeide_1.5.1/stm32cubeide/plugins/com.st.stm32cube.ide.mcu.externaltools.gnu-tools-for-stm32.7-2018-q2-update.win32_1.5.0.202011040924/tools/bin/../lib/gcc/arm-none-eabi/7.3.1/thumb/v7-m\libgcc.a(_aeabi_ldivmod.o) (__udivmoddi4)
c:/st/stm32cubeide_1.5.1/stm32cubeide/plugins/com.st.stm32cube.ide.mcu.externaltools.gnu-tools-for-stm32.7-2018-q2-update.win32_1.5.0.202011040924/tools/bin/../lib/gcc/arm-none-eabi/7.3.1/thumb/v7-m\libgcc.a(_dvmd_tls.o)
                              c:/st/stm32cubeide_1.5.1/stm32cubeide/plugins/com.st.stm32cube.ide.mcu.externaltools.gnu-tools-for-stm32.7-2018-q2-update.win32_1.5.0.202011040924/tools/bin/../lib/gcc/arm-none-eabi/7.3.1/thumb/v7-m\libgcc.a(_aeabi_ldivmod.o) (__aeabi_ldiv0)

Discarded input sections

 .text          0x0000000000000000        0x0 c:/st/stm32cubeide_1.5.1/stm32cubeide/plugins/com.st.stm32cube.ide.mcu.externaltools.gnu-tools-for-stm32.7-2018-q2-update.win32_1.5.0.202011040924/tools/bin/../lib/gcc/arm-none-eabi/7.3.1/thumb/v7-m/crti.o
 .data          0x0000000000000000        0x0 c:/st/stm32cubeide_1.5.1/stm32cubeide/plugins/com.st.stm32cube.ide.mcu.externaltools.gnu-tools-for-stm32.7-2018-q2-update.win32_1.5.0.202011040924/tools/bin/../lib/gcc/arm-none-eabi/7.3.1/thumb/v7-m/crti.o
 .bss           0x0000000000000000        0x0 c:/st/stm32cubeide_1.5.1/stm32cubeide/plugins/com.st.stm32cube.ide.mcu.externaltools.gnu-tools-for-stm32.7-2018-q2-update.win32_1.5.0.202011040924/tools/bin/../lib/gcc/arm-none-eabi/7.3.1/thumb/v7-m/crti.o
 .data          0x0000000000000000        0x4 c:/st/stm32cubeide_1.5.1/stm32cubeide/plugins/com.st.stm32cube.ide.mcu.externaltools.gnu-tools-for-stm32.7-2018-q2-update.win32_1.5.0.202011040924/tools/bin/../lib/gcc/arm-none-eabi/7.3.1/thumb/v7-m/crtbegin.o
 .text          0x0000000000000000       0x74 c:/st/stm32cubeide_1.5.1/stm32cubeide/plugins/com.st.stm32cube.ide.mcu.externaltools.gnu-tools-for-stm32.7-2018-q2-update.win32_1.5.0.202011040924/tools/bin/../lib/gcc/arm-none-eabi/7.3.1/../../../../arm-none-eabi/lib/thumb/v7-m/crt0.o
 .data          0x0000000000000000        0x0 c:/st/stm32cubeide_1.5.1/stm32cubeide/plugins/com.st.stm32cube.ide.mcu.externaltools.gnu-tools-for-stm32.7-2018-q2-update.win32_1.5.0.202011040924/tools/bin/../lib/gcc/arm-none-eabi/7.3.1/../../../../arm-none-eabi/lib/thumb/v7-m/crt0.o
 .bss           0x0000000000000000        0x0 c:/st/stm32cubeide_1.5.1/stm32cubeide/plugins/com.st.stm32cube.ide.mcu.externaltools.gnu-tools-for-stm32.7-2018-q2-update.win32_1.5.0.202011040924/tools/bin/../lib/gcc/arm-none-eabi/7.3.1/../../../../arm-none-eabi/lib/thumb/v7-m/crt0.o
 .ARM.extab     0x0000000000000000        0x0 c:/st/stm32cubeide_1.5.1/stm32cubeide/plugins/com.st.stm32cube.ide.mcu.externaltools.gnu-tools-for-stm32.7-2018-q2-update.win32_1.5.0.202011040924/tools/bin/../lib/gcc/arm-none-eabi/7.3.1/../../../../arm-none-eabi/lib/thumb/v7-m/crt0.o
 .ARM.exidx     0x0000000000000000        0x8 c:/st/stm32cubeide_1.5.1/stm32cubeide/plugins/com.st.stm32cube.ide.mcu.externaltools.gnu-tools-for-stm32.7-2018-q2-update.win32_1.5.0.202011040924/tools/bin/../lib/gcc/arm-none-eabi/7.3.1/../../../../arm-none-eabi/lib/thumb/v7-m/crt0.o
 .ARM.attributes
                0x0000000000000000       0x1b c:/st/stm32cubeide_1.5.1/stm32cubeide/plugins/com.st.stm32cube.ide.mcu.externaltools.gnu-tools-for-stm32.7-2018-q2-update.win32_1.5.0.202011040924/tools/bin/../lib/gcc/arm-none-eabi/7.3.1/../../../../arm-none-eabi/lib/thumb/v7-m/crt0.o
 .group         0x0000000000000000        0xc Src/ADC_program.o
 .group         0x0000000000000000        0xc Src/ADC_program.o
 .group         0x0000000000000000        0xc Src/ADC_program.o
 .group         0x0000000000000000        0xc Src/ADC_program.o
 .group         0x0000000000000000        0xc Src/ADC_program.o
 .text          0x0000000000000000        0x0 Src/ADC_program.o
 .data          0x0000000000000000        0x0 Src/ADC_program.o
 .bss           0x0000000000000000        0x0 Src/ADC_program.o
 .text.ADC_voidChannelSample
                0x0000000000000000       0x50 Src/ADC_program.o
 .text.POT_VoltReadPercent
                0x0000000000000000       0x68 Src/ADC_program.o
 .text.LDR_RatioRead
                0x0000000000000000       0xf6 Src/ADC_program.o
 .group         0x0000000000000000        0xc Src/DMA_program.o
 .group         0x0000000000000000        0xc Src/DMA_program.o
 .group         0x0000000000000000        0xc Src/DMA_program.o
 .group         0x0000000000000000        0xc Src/DMA_program.o
 .text          0x0000000000000000        0x0 Src/DMA_program.o
 .data          0x0000000000000000        0x0 Src/DMA_program.o
 .bss           0x0000000000000000        0x0 Src/DMA_program.o
 .text.DMA1_voidChannelInit
                0x0000000000000000       0x18 Src/DMA_program.o
 .text.DMA1_voidChannelStart
                0x0000000000000000       0x48 Src/DMA_program.o
 .debug_info    0x0000000000000000      0x16c Src/DMA_program.o
 .debug_abbrev  0x0000000000000000       0xca Src/DMA_program.o
 .debug_aranges
                0x0000000000000000       0x28 Src/DMA_program.o
 .debug_ranges  0x0000000000000000       0x18 Src/DMA_program.o
 .debug_macro   0x0000000000000000       0x40 Src/DMA_program.o
 .debug_macro   0x0000000000000000      0xa60 Src/DMA_program.o
 .debug_macro   0x0000000000000000       0x10 Src/DMA_program.o
 .debug_macro   0x0000000000000000       0x2e Src/DMA_program.o
 .debug_macro   0x0000000000000000       0x10 Src/DMA_program.o
 .debug_line    0x0000000000000000      0x105 Src/DMA_program.o
 .debug_str     0x0000000000000000     0x2fb5 Src/DMA_program.o
 .comment       0x0000000000000000       0x7c Src/DMA_program.o
 .debug_frame   0x0000000000000000       0x58 Src/DMA_program.o
 .ARM.attributes
                0x0000000000000000       0x33 Src/DMA_program.o
 .group         0x0000000000000000        0xc Src/EXTI_program.o
 .group         0x0000000000000000        0xc Src/EXTI_program.o
 .group         0x0000000000000000        0xc Src/EXTI_program.o
 .group         0x0000000000000000        0xc Src/EXTI_program.o
 .group         0x0000000000000000        0xc Src/EXTI_program.o
 .text          0x0000000000000000        0x0 Src/EXTI_program.o
 .data          0x0000000000000000        0x0 Src/EXTI_program.o
 .bss           0x0000000000000000        0x0 Src/EXTI_program.o
 .text.EXTI_voidInit
                0x0000000000000000       0x44 Src/EXTI_program.o
 .text.EXTI_voidEnableLine
                0x0000000000000000       0x2c Src/EXTI_program.o
 .text.EXTI_voidSetSignalLatch
                0x0000000000000000       0xb8 Src/EXTI_program.o
 .text.EXTI_voidDisableLine
                0x0000000000000000       0x30 Src/EXTI_program.o
 .text.EXTI_voidSetCallBack
                0x0000000000000000       0x2c Src/EXTI_program.o
 .text.EXTI_voidSetSoftwareTrigger
                0x0000000000000000       0x14 Src/EXTI_program.o
 .debug_macro   0x0000000000000000      0xa60 Src/EXTI_program.o
 .debug_macro   0x0000000000000000       0x10 Src/EXTI_program.o
 .debug_macro   0x0000000000000000       0x2e Src/EXTI_program.o
 .group         0x0000000000000000        0xc Src/GPIO_program.o
 .group         0x0000000000000000        0xc Src/GPIO_program.o
 .group         0x0000000000000000        0xc Src/GPIO_program.o
 .group         0x0000000000000000        0xc Src/GPIO_program.o
 .group         0x0000000000000000        0xc Src/GPIO_program.o
 .group         0x0000000000000000        0xc Src/GPIO_program.o
 .text          0x0000000000000000        0x0 Src/GPIO_program.o
 .data          0x0000000000000000        0x0 Src/GPIO_program.o
 .bss           0x0000000000000000        0x0 Src/GPIO_program.o
 .text.DIO_ReadPin
                0x0000000000000000       0x84 Src/GPIO_program.o
 .text.DIO_TogglePin
                0x0000000000000000       0xa0 Src/GPIO_program.o
 .text.DIO_WritePort
                0x0000000000000000       0x54 Src/GPIO_program.o
 .text.DIO_ReadPort
                0x0000000000000000       0x54 Src/GPIO_program.o
 .debug_macro   0x0000000000000000      0xa60 Src/GPIO_program.o
 .debug_macro   0x0000000000000000       0x10 Src/GPIO_program.o
 .debug_macro   0x0000000000000000       0x2e Src/GPIO_program.o
 .group         0x0000000000000000        0xc Src/Keypad_program.o
 .group         0x0000000000000000        0xc Src/Keypad_program.o
 .group         0x0000000000000000        0xc Src/Keypad_program.o
 .group         0x0000000000000000        0xc Src/Keypad_program.o
 .group         0x0000000000000000        0xc Src/Keypad_program.o
 .group         0x0000000000000000        0xc Src/Keypad_program.o
 .text          0x0000000000000000        0x0 Src/Keypad_program.o
 .data          0x0000000000000000        0x0 Src/Keypad_program.o
 .bss           0x0000000000000000        0x0 Src/Keypad_program.o
 .rodata.keys   0x0000000000000000       0x10 Src/Keypad_program.o
 .text.Keypad_u8_GetKey
                0x0000000000000000       0xe4 Src/Keypad_program.o
 .debug_info    0x0000000000000000      0x2c0 Src/Keypad_program.o
 .debug_abbrev  0x0000000000000000       0xa3 Src/Keypad_program.o
 .debug_aranges
                0x0000000000000000       0x20 Src/Keypad_program.o
 .debug_ranges  0x0000000000000000       0x10 Src/Keypad_program.o
 .debug_macro   0x0000000000000000       0x48 Src/Keypad_program.o
 .debug_macro   0x0000000000000000      0xa60 Src/Keypad_program.o
 .debug_macro   0x0000000000000000       0x10 Src/Keypad_program.o
 .debug_macro   0x0000000000000000       0x2e Src/Keypad_program.o
 .debug_macro   0x0000000000000000      0x174 Src/Keypad_program.o
 .debug_macro   0x0000000000000000       0x10 Src/Keypad_program.o
 .debug_macro   0x0000000000000000       0x16 Src/Keypad_program.o
 .debug_line    0x0000000000000000      0x1a2 Src/Keypad_program.o
 .debug_str     0x0000000000000000     0x40a8 Src/Keypad_program.o
 .comment       0x0000000000000000       0x7c Src/Keypad_program.o
 .debug_frame   0x0000000000000000       0x34 Src/Keypad_program.o
 .ARM.attributes
                0x0000000000000000       0x33 Src/Keypad_program.o
 .group         0x0000000000000000        0xc Src/LCD_program.o
 .group         0x0000000000000000        0xc Src/LCD_program.o
 .group         0x0000000000000000        0xc Src/LCD_program.o
 .group         0x0000000000000000        0xc Src/LCD_program.o
 .group         0x0000000000000000        0xc Src/LCD_program.o
 .text          0x0000000000000000        0x0 Src/LCD_program.o
 .data          0x0000000000000000        0x0 Src/LCD_program.o
 .bss           0x0000000000000000        0x0 Src/LCD_program.o
 .data.Sadman_pattren
                0x0000000000000000        0x8 Src/LCD_program.o
 .data.HappyMman_Pattern
                0x0000000000000000        0x8 Src/LCD_program.o
 .data.dead_man_right_pattren
                0x0000000000000000        0x8 Src/LCD_program.o
 .data.arrow_pattren
                0x0000000000000000        0x8 Src/LCD_program.o
 .data.damage_pattren
                0x0000000000000000        0x8 Src/LCD_program.o
 .data.rect_pattren
                0x0000000000000000        0x8 Src/LCD_program.o
 .data.HoloHeart_pattren
                0x0000000000000000        0x8 Src/LCD_program.o
 .data.Phone_pattren
                0x0000000000000000        0x8 Src/LCD_program.o
 .data.Bill_pattren
                0x0000000000000000        0x8 Src/LCD_program.o
 .data.Speaker_pattren
                0x0000000000000000        0x8 Src/LCD_program.o
 .data.Music_pattren
                0x0000000000000000        0x8 Src/LCD_program.o
 .data.Fesha_pattren
                0x0000000000000000        0x8 Src/LCD_program.o
 .data.Smile_pattren
                0x0000000000000000        0x8 Src/LCD_program.o
 .data.Hreat_pattern
                0x0000000000000000        0x8 Src/LCD_program.o
 .data.Ka_pattren
                0x0000000000000000        0x8 Src/LCD_program.o
 .data.Aa_pattren
                0x0000000000000000        0x8 Src/LCD_program.o
 .data.Sharta_pattren
                0x0000000000000000        0x8 Src/LCD_program.o
 .data.Noon_pattren
                0x0000000000000000        0x8 Src/LCD_program.o
 .data.Seen_pattren
                0x0000000000000000        0x8 Src/LCD_program.o
 .data.a3_pattren
                0x0000000000000000        0x8 Src/LCD_program.o
 .data.Dal_pattren
                0x0000000000000000        0x8 Src/LCD_program.o
 .data.Taa_pattren
                0x0000000000000000        0x8 Src/LCD_program.o
 .text.LCD_WriteNumberBinary
                0x0000000000000000       0x5c Src/LCD_program.o
 .text.LCD_WriteNumberBinary_16D
                0x0000000000000000       0x4c Src/LCD_program.o
 .text.LCD_WriteNumberBinary_8D
                0x0000000000000000       0x4c Src/LCD_program.o
 .text.LCD_WriteNumberHex
                0x0000000000000000       0x8e Src/LCD_program.o
 .text.LCD_WriteNumber_4D
                0x0000000000000000       0x8e Src/LCD_program.o
 .text.LCD_Clear
                0x0000000000000000        0xe Src/LCD_program.o
 .text.string_lens
                0x0000000000000000       0x2c Src/LCD_program.o
 .text.LCD_CreateChar
                0x0000000000000000      0x458 Src/LCD_program.o
 .debug_macro   0x0000000000000000      0xa60 Src/LCD_program.o
 .debug_macro   0x0000000000000000       0x10 Src/LCD_program.o
 .debug_macro   0x0000000000000000       0x2e Src/LCD_program.o
 .debug_macro   0x0000000000000000      0x174 Src/LCD_program.o
 .group         0x0000000000000000        0xc Src/NVIC_program.o
 .group         0x0000000000000000        0xc Src/NVIC_program.o
 .group         0x0000000000000000        0xc Src/NVIC_program.o
 .group         0x0000000000000000        0xc Src/NVIC_program.o
 .group         0x0000000000000000        0xc Src/NVIC_program.o
 .text          0x0000000000000000        0x0 Src/NVIC_program.o
 .data          0x0000000000000000        0x0 Src/NVIC_program.o
 .bss           0x0000000000000000        0x0 Src/NVIC_program.o
 .text.NVIC_voidInit
                0x0000000000000000       0x1c Src/NVIC_program.o
 .text.NVIC_voidEnableInterrupt
                0x0000000000000000       0x44 Src/NVIC_program.o
 .text.NVIC_voidDisableInterrupt
                0x0000000000000000       0x44 Src/NVIC_program.o
 .text.NVIC_voidSetPendingFlag
                0x0000000000000000       0x44 Src/NVIC_program.o
 .text.NVIC_voidClearPendingFlag
                0x0000000000000000       0x44 Src/NVIC_program.o
 .text.NVIC_u8GetActiveFlag
                0x0000000000000000       0x5c Src/NVIC_program.o
 .text.NVIC_voidSetPriority
                0x0000000000000000       0x32 Src/NVIC_program.o
 .debug_info    0x0000000000000000      0x301 Src/NVIC_program.o
 .debug_abbrev  0x0000000000000000       0xcb Src/NVIC_program.o
 .debug_aranges
                0x0000000000000000       0x50 Src/NVIC_program.o
 .debug_ranges  0x0000000000000000       0x40 Src/NVIC_program.o
 .debug_macro   0x0000000000000000       0x45 Src/NVIC_program.o
 .debug_macro   0x0000000000000000      0xa60 Src/NVIC_program.o
 .debug_macro   0x0000000000000000       0x10 Src/NVIC_program.o
 .debug_macro   0x0000000000000000       0x2e Src/NVIC_program.o
 .debug_macro   0x0000000000000000       0x70 Src/NVIC_program.o
 .debug_macro   0x0000000000000000       0x10 Src/NVIC_program.o
 .debug_line    0x0000000000000000      0x17e Src/NVIC_program.o
 .debug_str     0x0000000000000000     0x34b2 Src/NVIC_program.o
 .comment       0x0000000000000000       0x7c Src/NVIC_program.o
 .debug_frame   0x0000000000000000      0x120 Src/NVIC_program.o
 .ARM.attributes
                0x0000000000000000       0x33 Src/NVIC_program.o
 .group         0x0000000000000000        0xc Src/RCC_program.o
 .group         0x0000000000000000        0xc Src/RCC_program.o
 .group         0x0000000000000000        0xc Src/RCC_program.o
 .group         0x0000000000000000        0xc Src/RCC_program.o
 .group         0x0000000000000000        0xc Src/RCC_program.o
 .group         0x0000000000000000        0xc Src/RCC_program.o
 .text          0x0000000000000000        0x0 Src/RCC_program.o
 .data          0x0000000000000000        0x0 Src/RCC_program.o
 .bss           0x0000000000000000        0x0 Src/RCC_program.o
 .text.RCC_voidEnablePeripheralClock
                0x0000000000000000       0x80 Src/RCC_program.o
 .text.RCC_voidDisablePeripheralClock
                0x0000000000000000       0x84 Src/RCC_program.o
 .text.RCC_voidDisblePeripheralClock_EntireBus
                0x0000000000000000       0xcc Src/RCC_program.o
 .debug_macro   0x0000000000000000      0xa60 Src/RCC_program.o
 .debug_macro   0x0000000000000000       0x10 Src/RCC_program.o
 .debug_macro   0x0000000000000000       0x2e Src/RCC_program.o
 .group         0x0000000000000000        0xc Src/SEG_program.o
 .group         0x0000000000000000        0xc Src/SEG_program.o
 .group         0x0000000000000000        0xc Src/SEG_program.o
 .group         0x0000000000000000        0xc Src/SEG_program.o
 .group         0x0000000000000000        0xc Src/SEG_program.o
 .group         0x0000000000000000        0xc Src/SEG_program.o
 .text          0x0000000000000000        0x0 Src/SEG_program.o
 .data          0x0000000000000000        0x0 Src/SEG_program.o
 .bss           0x0000000000000000        0x0 Src/SEG_program.o
 .text.Delay_ms
                0x0000000000000000       0x3c Src/SEG_program.o
 .rodata.SegNumbers
                0x0000000000000000       0x10 Src/SEG_program.o
 .text.SEG_voidDisplay_D
                0x0000000000000000      0x24c Src/SEG_program.o
 .text.SEG_voidDisplay_H
                0x0000000000000000      0x234 Src/SEG_program.o
 .debug_info    0x0000000000000000      0x2e3 Src/SEG_program.o
 .debug_abbrev  0x0000000000000000       0xd1 Src/SEG_program.o
 .debug_aranges
                0x0000000000000000       0x30 Src/SEG_program.o
 .debug_ranges  0x0000000000000000       0x20 Src/SEG_program.o
 .debug_macro   0x0000000000000000       0x48 Src/SEG_program.o
 .debug_macro   0x0000000000000000      0xa60 Src/SEG_program.o
 .debug_macro   0x0000000000000000       0x10 Src/SEG_program.o
 .debug_macro   0x0000000000000000       0x2e Src/SEG_program.o
 .debug_macro   0x0000000000000000      0x174 Src/SEG_program.o
 .debug_macro   0x0000000000000000       0x16 Src/SEG_program.o
 .debug_macro   0x0000000000000000       0x52 Src/SEG_program.o
 .debug_line    0x0000000000000000      0x1e3 Src/SEG_program.o
 .debug_str     0x0000000000000000     0x400b Src/SEG_program.o
 .comment       0x0000000000000000       0x7c Src/SEG_program.o
 .debug_frame   0x0000000000000000       0x88 Src/SEG_program.o
 .ARM.attributes
                0x0000000000000000       0x33 Src/SEG_program.o
 .group         0x0000000000000000        0xc Src/SysTick_program.o
 .group         0x0000000000000000        0xc Src/SysTick_program.o
 .group         0x0000000000000000        0xc Src/SysTick_program.o
 .group         0x0000000000000000        0xc Src/SysTick_program.o
 .group         0x0000000000000000        0xc Src/SysTick_program.o
 .text          0x0000000000000000        0x0 Src/SysTick_program.o
 .data          0x0000000000000000        0x0 Src/SysTick_program.o
 .bss           0x0000000000000000        0x0 Src/SysTick_program.o
 .text.STK_voidIntervalSingle
                0x0000000000000000       0x54 Src/SysTick_program.o
 .text.STK_voidIntervalPeriodic
                0x0000000000000000       0x60 Src/SysTick_program.o
 .text.STK_voidStopInternal
                0x0000000000000000       0x34 Src/SysTick_program.o
 .text.STK_u32GetCounts
                0x0000000000000000       0x28 Src/SysTick_program.o
 .text.STK_u32GetRemainingTime
                0x0000000000000000       0x20 Src/SysTick_program.o
 .text.Delay_ms
                0x0000000000000000       0x3c Src/SysTick_program.o
 .debug_macro   0x0000000000000000      0xa60 Src/SysTick_program.o
 .debug_macro   0x0000000000000000       0x10 Src/SysTick_program.o
 .debug_macro   0x0000000000000000       0x2e Src/SysTick_program.o
 .group         0x0000000000000000        0xc Src/Timer_program.o
 .group         0x0000000000000000        0xc Src/Timer_program.o
 .group         0x0000000000000000        0xc Src/Timer_program.o
 .group         0x0000000000000000        0xc Src/Timer_program.o
 .group         0x0000000000000000        0xc Src/Timer_program.o
 .text          0x0000000000000000        0x0 Src/Timer_program.o
 .data          0x0000000000000000        0x0 Src/Timer_program.o
 .bss           0x0000000000000000        0x0 Src/Timer_program.o
 .text.Timer_voidSetCounter
                0x0000000000000000       0x98 Src/Timer_program.o
 .text.Timer_u16GetCounts
                0x0000000000000000       0x68 Src/Timer_program.o
 .text.Timer_voidReLoadingNoUVE
                0x0000000000000000      0x15c Src/Timer_program.o
 .text.Timer_voidEventGenerate
                0x0000000000000000       0xa0 Src/Timer_program.o
 .text.Timer_SetCallBack
                0x0000000000000000       0x58 Src/Timer_program.o
 .text.Timer_InterruptEnable
                0x0000000000000000       0xa0 Src/Timer_program.o
 .text.Timer_InterruptDisable
                0x0000000000000000       0xa8 Src/Timer_program.o
 .debug_macro   0x0000000000000000      0xa60 Src/Timer_program.o
 .debug_macro   0x0000000000000000       0x10 Src/Timer_program.o
 .debug_macro   0x0000000000000000       0x2e Src/Timer_program.o
 .group         0x0000000000000000        0xc Src/UART_program.o
 .group         0x0000000000000000        0xc Src/UART_program.o
 .group         0x0000000000000000        0xc Src/UART_program.o
 .group         0x0000000000000000        0xc Src/UART_program.o
 .group         0x0000000000000000        0xc Src/UART_program.o
 .text          0x0000000000000000        0x0 Src/UART_program.o
 .data          0x0000000000000000        0x0 Src/UART_program.o
 .bss           0x0000000000000000        0x0 Src/UART_program.o
 .text.UART_voidSendChar
                0x0000000000000000       0x7c Src/UART_program.o
 .text.UART_u8ReciveChar
                0x0000000000000000       0x78 Src/UART_program.o
 .text.UART_voidSendString
                0x0000000000000000       0x94 Src/UART_program.o
 .text.UART_voidReciveString
                0x0000000000000000      0x10c Src/UART_program.o
 .text.UART_SendNumber
                0x0000000000000000       0xcc Src/UART_program.o
 .text.UART_RecivNumber
                0x0000000000000000       0xec Src/UART_program.o
 .text.UART_voidInterruptEnable
                0x0000000000000000      0x1e8 Src/UART_program.o
 .text.UART_voidInterruptDisable
                0x0000000000000000      0x1e8 Src/UART_program.o
 .text.UART_voidUartDisable
                0x0000000000000000       0xd4 Src/UART_program.o
 .text.UART_voidUartEnable
                0x0000000000000000       0xa4 Src/UART_program.o
 .text.UART_voidSetCallBack
                0x0000000000000000       0x44 Src/UART_program.o
 .debug_macro   0x0000000000000000      0xa60 Src/UART_program.o
 .debug_macro   0x0000000000000000       0x10 Src/UART_program.o
 .debug_macro   0x0000000000000000       0x2e Src/UART_program.o
 .group         0x0000000000000000        0xc Src/main.o
 .group         0x0000000000000000        0xc Src/main.o
 .group         0x0000000000000000        0xc Src/main.o
 .group         0x0000000000000000        0xc Src/main.o
 .group         0x0000000000000000        0xc Src/main.o
 .group         0x0000000000000000        0xc Src/main.o
 .text          0x0000000000000000        0x0 Src/main.o
 .data          0x0000000000000000        0x0 Src/main.o
 .bss           0x0000000000000000        0x0 Src/main.o
 .debug_macro   0x0000000000000000      0xa60 Src/main.o
 .debug_macro   0x0000000000000000       0x10 Src/main.o
 .debug_macro   0x0000000000000000       0x2e Src/main.o
 .debug_macro   0x0000000000000000       0x1c Src/main.o
 .debug_macro   0x0000000000000000      0x174 Src/main.o
 .debug_macro   0x0000000000000000       0x2e Src/main.o
 .group         0x0000000000000000        0xc Src/syscalls.o
 .group         0x0000000000000000        0xc Src/syscalls.o
 .group         0x0000000000000000        0xc Src/syscalls.o
 .group         0x0000000000000000        0xc Src/syscalls.o
 .group         0x0000000000000000        0xc Src/syscalls.o
 .group         0x0000000000000000        0xc Src/syscalls.o
 .group         0x0000000000000000        0xc Src/syscalls.o
 .group         0x0000000000000000        0xc Src/syscalls.o
 .group         0x0000000000000000        0xc Src/syscalls.o
 .group         0x0000000000000000        0xc Src/syscalls.o
 .group         0x0000000000000000        0xc Src/syscalls.o
 .group         0x0000000000000000        0xc Src/syscalls.o
 .group         0x0000000000000000        0xc Src/syscalls.o
 .group         0x0000000000000000        0xc Src/syscalls.o
 .group         0x0000000000000000        0xc Src/syscalls.o
 .group         0x0000000000000000        0xc Src/syscalls.o
 .group         0x0000000000000000        0xc Src/syscalls.o
 .group         0x0000000000000000        0xc Src/syscalls.o
 .group         0x0000000000000000        0xc Src/syscalls.o
 .group         0x0000000000000000        0xc Src/syscalls.o
 .group         0x0000000000000000        0xc Src/syscalls.o
 .group         0x0000000000000000        0xc Src/syscalls.o
 .group         0x0000000000000000        0xc Src/syscalls.o
 .group         0x0000000000000000        0xc Src/syscalls.o
 .group         0x0000000000000000        0xc Src/syscalls.o
 .group         0x0000000000000000        0xc Src/syscalls.o
 .group         0x0000000000000000        0xc Src/syscalls.o
 .group         0x0000000000000000        0xc Src/syscalls.o
 .group         0x0000000000000000        0xc Src/syscalls.o
 .group         0x0000000000000000        0xc Src/syscalls.o
 .group         0x0000000000000000        0xc Src/syscalls.o
 .group         0x0000000000000000        0xc Src/syscalls.o
 .group         0x0000000000000000        0xc Src/syscalls.o
 .group         0x0000000000000000        0xc Src/syscalls.o
 .group         0x0000000000000000        0xc Src/syscalls.o
 .group         0x0000000000000000        0xc Src/syscalls.o
 .group         0x0000000000000000        0xc Src/syscalls.o
 .group         0x0000000000000000        0xc Src/syscalls.o
 .group         0x0000000000000000        0xc Src/syscalls.o
 .group         0x0000000000000000        0xc Src/syscalls.o
 .group         0x0000000000000000        0xc Src/syscalls.o
 .group         0x0000000000000000        0xc Src/syscalls.o
 .group         0x0000000000000000        0xc Src/syscalls.o
 .group         0x0000000000000000        0xc Src/syscalls.o
 .text          0x0000000000000000        0x0 Src/syscalls.o
 .data          0x0000000000000000        0x0 Src/syscalls.o
 .bss           0x0000000000000000        0x0 Src/syscalls.o
 .bss.__env     0x0000000000000000        0x4 Src/syscalls.o
 .data.environ  0x0000000000000000        0x4 Src/syscalls.o
 .text.initialise_monitor_handles
                0x0000000000000000        0xc Src/syscalls.o
 .text._getpid  0x0000000000000000        0xe Src/syscalls.o
 .text._kill    0x0000000000000000       0x20 Src/syscalls.o
 .text._exit    0x0000000000000000       0x14 Src/syscalls.o
 .text._read    0x0000000000000000       0x3a Src/syscalls.o
 .text._write   0x0000000000000000       0x38 Src/syscalls.o
 .text._close   0x0000000000000000       0x16 Src/syscalls.o
 .text._fstat   0x0000000000000000       0x1e Src/syscalls.o
 .text._isatty  0x0000000000000000       0x14 Src/syscalls.o
 .text._lseek   0x0000000000000000       0x18 Src/syscalls.o
 .text._open    0x0000000000000000       0x1a Src/syscalls.o
 .text._wait    0x0000000000000000       0x1e Src/syscalls.o
 .text._unlink  0x0000000000000000       0x1e Src/syscalls.o
 .text._times   0x0000000000000000       0x16 Src/syscalls.o
 .text._stat    0x0000000000000000       0x1e Src/syscalls.o
 .text._link    0x0000000000000000       0x20 Src/syscalls.o
 .text._fork    0x0000000000000000       0x16 Src/syscalls.o
 .text._execve  0x0000000000000000       0x22 Src/syscalls.o
 .debug_info    0x0000000000000000      0xebd Src/syscalls.o
 .debug_abbrev  0x0000000000000000      0x261 Src/syscalls.o
 .debug_aranges
                0x0000000000000000       0xa8 Src/syscalls.o
 .debug_ranges  0x0000000000000000       0x98 Src/syscalls.o
 .debug_macro   0x0000000000000000      0x243 Src/syscalls.o
 .debug_macro   0x0000000000000000      0xa60 Src/syscalls.o
 .debug_macro   0x0000000000000000       0x22 Src/syscalls.o
 .debug_macro   0x0000000000000000       0x40 Src/syscalls.o
 .debug_macro   0x0000000000000000       0x18 Src/syscalls.o
 .debug_macro   0x0000000000000000       0x94 Src/syscalls.o
 .debug_macro   0x0000000000000000       0x3c Src/syscalls.o
 .debug_macro   0x0000000000000000       0x34 Src/syscalls.o
 .debug_macro   0x0000000000000000       0x57 Src/syscalls.o
 .debug_macro   0x0000000000000000      0x174 Src/syscalls.o
 .debug_macro   0x0000000000000000      0x330 Src/syscalls.o
 .debug_macro   0x0000000000000000       0x52 Src/syscalls.o
 .debug_macro   0x0000000000000000       0x1f Src/syscalls.o
 .debug_macro   0x0000000000000000       0x43 Src/syscalls.o
 .debug_macro   0x0000000000000000       0x20 Src/syscalls.o
 .debug_macro   0x0000000000000000      0x1a3 Src/syscalls.o
 .debug_macro   0x0000000000000000       0x10 Src/syscalls.o
 .debug_macro   0x0000000000000000       0x35 Src/syscalls.o
 .debug_macro   0x0000000000000000       0x10 Src/syscalls.o
 .debug_macro   0x0000000000000000       0x10 Src/syscalls.o
 .debug_macro   0x0000000000000000       0x10 Src/syscalls.o
 .debug_macro   0x0000000000000000       0x6a Src/syscalls.o
 .debug_macro   0x0000000000000000       0x1c Src/syscalls.o
 .debug_macro   0x0000000000000000       0x52 Src/syscalls.o
 .debug_macro   0x0000000000000000       0x40 Src/syscalls.o
 .debug_macro   0x0000000000000000       0x10 Src/syscalls.o
 .debug_macro   0x0000000000000000       0x40 Src/syscalls.o
 .debug_macro   0x0000000000000000       0xd7 Src/syscalls.o
 .debug_macro   0x0000000000000000       0x1c Src/syscalls.o
 .debug_macro   0x0000000000000000       0x3d Src/syscalls.o
 .debug_macro   0x0000000000000000       0x35 Src/syscalls.o
 .debug_macro   0x0000000000000000      0x122 Src/syscalls.o
 .debug_macro   0x0000000000000000       0x16 Src/syscalls.o
 .debug_macro   0x0000000000000000       0x16 Src/syscalls.o
 .debug_macro   0x0000000000000000       0x29 Src/syscalls.o
 .debug_macro   0x0000000000000000       0x10 Src/syscalls.o
 .debug_macro   0x0000000000000000      0x241 Src/syscalls.o
 .debug_macro   0x0000000000000000       0x1c Src/syscalls.o
 .debug_macro   0x0000000000000000       0x10 Src/syscalls.o
 .debug_macro   0x0000000000000000       0x10 Src/syscalls.o
 .debug_macro   0x0000000000000000       0x16 Src/syscalls.o
 .debug_macro   0x0000000000000000      0x145 Src/syscalls.o
 .debug_macro   0x0000000000000000      0x189 Src/syscalls.o
 .debug_macro   0x0000000000000000       0x16 Src/syscalls.o
 .debug_macro   0x0000000000000000       0x88 Src/syscalls.o
 .debug_line    0x0000000000000000      0x739 Src/syscalls.o
 .debug_str     0x0000000000000000     0x8880 Src/syscalls.o
 .comment       0x0000000000000000       0x7c Src/syscalls.o
 .debug_frame   0x0000000000000000      0x2ac Src/syscalls.o
 .ARM.attributes
                0x0000000000000000       0x33 Src/syscalls.o
 .group         0x0000000000000000        0xc Src/sysmem.o
 .group         0x0000000000000000        0xc Src/sysmem.o
 .group         0x0000000000000000        0xc Src/sysmem.o
 .group         0x0000000000000000        0xc Src/sysmem.o
 .group         0x0000000000000000        0xc Src/sysmem.o
 .group         0x0000000000000000        0xc Src/sysmem.o
 .group         0x0000000000000000        0xc Src/sysmem.o
 .group         0x0000000000000000        0xc Src/sysmem.o
 .group         0x0000000000000000        0xc Src/sysmem.o
 .group         0x0000000000000000        0xc Src/sysmem.o
 .group         0x0000000000000000        0xc Src/sysmem.o
 .group         0x0000000000000000        0xc Src/sysmem.o
 .group         0x0000000000000000        0xc Src/sysmem.o
 .group         0x0000000000000000        0xc Src/sysmem.o
 .group         0x0000000000000000        0xc Src/sysmem.o
 .group         0x0000000000000000        0xc Src/sysmem.o
 .group         0x0000000000000000        0xc Src/sysmem.o
 .group         0x0000000000000000        0xc Src/sysmem.o
 .group         0x0000000000000000        0xc Src/sysmem.o
 .text          0x0000000000000000        0x0 Src/sysmem.o
 .data          0x0000000000000000        0x0 Src/sysmem.o
 .bss           0x0000000000000000        0x0 Src/sysmem.o
 .bss.__sbrk_heap_end
                0x0000000000000000        0x4 Src/sysmem.o
 .text._sbrk    0x0000000000000000       0x6c Src/sysmem.o
 .debug_info    0x0000000000000000      0x985 Src/sysmem.o
 .debug_abbrev  0x0000000000000000      0x19b Src/sysmem.o
 .debug_aranges
                0x0000000000000000       0x20 Src/sysmem.o
 .debug_ranges  0x0000000000000000       0x10 Src/sysmem.o
 .debug_macro   0x0000000000000000       0xee Src/sysmem.o
 .debug_macro   0x0000000000000000      0xa60 Src/sysmem.o
 .debug_macro   0x0000000000000000       0x10 Src/sysmem.o
 .debug_macro   0x0000000000000000       0x22 Src/sysmem.o
 .debug_macro   0x0000000000000000       0x40 Src/sysmem.o
 .debug_macro   0x0000000000000000       0x18 Src/sysmem.o
 .debug_macro   0x0000000000000000       0x94 Src/sysmem.o
 .debug_macro   0x0000000000000000       0x3c Src/sysmem.o
 .debug_macro   0x0000000000000000       0x34 Src/sysmem.o
 .debug_macro   0x0000000000000000      0x174 Src/sysmem.o
 .debug_macro   0x0000000000000000       0x57 Src/sysmem.o
 .debug_macro   0x0000000000000000       0x52 Src/sysmem.o
 .debug_macro   0x0000000000000000       0x1f Src/sysmem.o
 .debug_macro   0x0000000000000000       0x43 Src/sysmem.o
 .debug_macro   0x0000000000000000       0x20 Src/sysmem.o
 .debug_macro   0x0000000000000000      0x1a3 Src/sysmem.o
 .debug_macro   0x0000000000000000      0x23b Src/sysmem.o
 .debug_macro   0x0000000000000000       0xef Src/sysmem.o
 .debug_macro   0x0000000000000000       0x6a Src/sysmem.o
 .debug_macro   0x0000000000000000      0x1df Src/sysmem.o
 .debug_line    0x0000000000000000      0x4c2 Src/sysmem.o
 .debug_str     0x0000000000000000     0x5f4e Src/sysmem.o
 .comment       0x0000000000000000       0x7c Src/sysmem.o
 .debug_frame   0x0000000000000000       0x34 Src/sysmem.o
 .ARM.attributes
                0x0000000000000000       0x33 Src/sysmem.o
 .text          0x0000000000000000       0x14 Startup/startup_stm32f103c8tx.o
 .data          0x0000000000000000        0x0 Startup/startup_stm32f103c8tx.o
 .bss           0x0000000000000000        0x0 Startup/startup_stm32f103c8tx.o
 .text          0x0000000000000000        0x0 c:/st/stm32cubeide_1.5.1/stm32cubeide/plugins/com.st.stm32cube.ide.mcu.externaltools.gnu-tools-for-stm32.7-2018-q2-update.win32_1.5.0.202011040924/tools/bin/../lib/gcc/arm-none-eabi/7.3.1/../../../../arm-none-eabi/lib/thumb/v7-m\libc_nano.a(lib_a-errno.o)
 .data          0x0000000000000000        0x0 c:/st/stm32cubeide_1.5.1/stm32cubeide/plugins/com.st.stm32cube.ide.mcu.externaltools.gnu-tools-for-stm32.7-2018-q2-update.win32_1.5.0.202011040924/tools/bin/../lib/gcc/arm-none-eabi/7.3.1/../../../../arm-none-eabi/lib/thumb/v7-m\libc_nano.a(lib_a-errno.o)
 .bss           0x0000000000000000        0x0 c:/st/stm32cubeide_1.5.1/stm32cubeide/plugins/com.st.stm32cube.ide.mcu.externaltools.gnu-tools-for-stm32.7-2018-q2-update.win32_1.5.0.202011040924/tools/bin/../lib/gcc/arm-none-eabi/7.3.1/../../../../arm-none-eabi/lib/thumb/v7-m\libc_nano.a(lib_a-errno.o)
 .text.__errno  0x0000000000000000        0xc c:/st/stm32cubeide_1.5.1/stm32cubeide/plugins/com.st.stm32cube.ide.mcu.externaltools.gnu-tools-for-stm32.7-2018-q2-update.win32_1.5.0.202011040924/tools/bin/../lib/gcc/arm-none-eabi/7.3.1/../../../../arm-none-eabi/lib/thumb/v7-m\libc_nano.a(lib_a-errno.o)
 .debug_frame   0x0000000000000000       0x20 c:/st/stm32cubeide_1.5.1/stm32cubeide/plugins/com.st.stm32cube.ide.mcu.externaltools.gnu-tools-for-stm32.7-2018-q2-update.win32_1.5.0.202011040924/tools/bin/../lib/gcc/arm-none-eabi/7.3.1/../../../../arm-none-eabi/lib/thumb/v7-m\libc_nano.a(lib_a-errno.o)
 .ARM.attributes
                0x0000000000000000       0x2d c:/st/stm32cubeide_1.5.1/stm32cubeide/plugins/com.st.stm32cube.ide.mcu.externaltools.gnu-tools-for-stm32.7-2018-q2-update.win32_1.5.0.202011040924/tools/bin/../lib/gcc/arm-none-eabi/7.3.1/../../../../arm-none-eabi/lib/thumb/v7-m\libc_nano.a(lib_a-errno.o)
 .text          0x0000000000000000        0x0 c:/st/stm32cubeide_1.5.1/stm32cubeide/plugins/com.st.stm32cube.ide.mcu.externaltools.gnu-tools-for-stm32.7-2018-q2-update.win32_1.5.0.202011040924/tools/bin/../lib/gcc/arm-none-eabi/7.3.1/../../../../arm-none-eabi/lib/thumb/v7-m\libc_nano.a(lib_a-exit.o)
 .data          0x0000000000000000        0x0 c:/st/stm32cubeide_1.5.1/stm32cubeide/plugins/com.st.stm32cube.ide.mcu.externaltools.gnu-tools-for-stm32.7-2018-q2-update.win32_1.5.0.202011040924/tools/bin/../lib/gcc/arm-none-eabi/7.3.1/../../../../arm-none-eabi/lib/thumb/v7-m\libc_nano.a(lib_a-exit.o)
 .bss           0x0000000000000000        0x0 c:/st/stm32cubeide_1.5.1/stm32cubeide/plugins/com.st.stm32cube.ide.mcu.externaltools.gnu-tools-for-stm32.7-2018-q2-update.win32_1.5.0.202011040924/tools/bin/../lib/gcc/arm-none-eabi/7.3.1/../../../../arm-none-eabi/lib/thumb/v7-m\libc_nano.a(lib_a-exit.o)
 .text.exit     0x0000000000000000       0x28 c:/st/stm32cubeide_1.5.1/stm32cubeide/plugins/com.st.stm32cube.ide.mcu.externaltools.gnu-tools-for-stm32.7-2018-q2-update.win32_1.5.0.202011040924/tools/bin/../lib/gcc/arm-none-eabi/7.3.1/../../../../arm-none-eabi/lib/thumb/v7-m\libc_nano.a(lib_a-exit.o)
 .debug_frame   0x0000000000000000       0x28 c:/st/stm32cubeide_1.5.1/stm32cubeide/plugins/com.st.stm32cube.ide.mcu.externaltools.gnu-tools-for-stm32.7-2018-q2-update.win32_1.5.0.202011040924/tools/bin/../lib/gcc/arm-none-eabi/7.3.1/../../../../arm-none-eabi/lib/thumb/v7-m\libc_nano.a(lib_a-exit.o)
 .ARM.attributes
                0x0000000000000000       0x2d c:/st/stm32cubeide_1.5.1/stm32cubeide/plugins/com.st.stm32cube.ide.mcu.externaltools.gnu-tools-for-stm32.7-2018-q2-update.win32_1.5.0.202011040924/tools/bin/../lib/gcc/arm-none-eabi/7.3.1/../../../../arm-none-eabi/lib/thumb/v7-m\libc_nano.a(lib_a-exit.o)
 .text          0x0000000000000000        0x0 c:/st/stm32cubeide_1.5.1/stm32cubeide/plugins/com.st.stm32cube.ide.mcu.externaltools.gnu-tools-for-stm32.7-2018-q2-update.win32_1.5.0.202011040924/tools/bin/../lib/gcc/arm-none-eabi/7.3.1/../../../../arm-none-eabi/lib/thumb/v7-m\libc_nano.a(lib_a-impure.o)
 .data          0x0000000000000000        0x0 c:/st/stm32cubeide_1.5.1/stm32cubeide/plugins/com.st.stm32cube.ide.mcu.externaltools.gnu-tools-for-stm32.7-2018-q2-update.win32_1.5.0.202011040924/tools/bin/../lib/gcc/arm-none-eabi/7.3.1/../../../../arm-none-eabi/lib/thumb/v7-m\libc_nano.a(lib_a-impure.o)
 .bss           0x0000000000000000        0x0 c:/st/stm32cubeide_1.5.1/stm32cubeide/plugins/com.st.stm32cube.ide.mcu.externaltools.gnu-tools-for-stm32.7-2018-q2-update.win32_1.5.0.202011040924/tools/bin/../lib/gcc/arm-none-eabi/7.3.1/../../../../arm-none-eabi/lib/thumb/v7-m\libc_nano.a(lib_a-impure.o)
 .data._impure_ptr
                0x0000000000000000        0x4 c:/st/stm32cubeide_1.5.1/stm32cubeide/plugins/com.st.stm32cube.ide.mcu.externaltools.gnu-tools-for-stm32.7-2018-q2-update.win32_1.5.0.202011040924/tools/bin/../lib/gcc/arm-none-eabi/7.3.1/../../../../arm-none-eabi/lib/thumb/v7-m\libc_nano.a(lib_a-impure.o)
 .data.impure_data
                0x0000000000000000       0x60 c:/st/stm32cubeide_1.5.1/stm32cubeide/plugins/com.st.stm32cube.ide.mcu.externaltools.gnu-tools-for-stm32.7-2018-q2-update.win32_1.5.0.202011040924/tools/bin/../lib/gcc/arm-none-eabi/7.3.1/../../../../arm-none-eabi/lib/thumb/v7-m\libc_nano.a(lib_a-impure.o)
 .rodata._global_impure_ptr
                0x0000000000000000        0x4 c:/st/stm32cubeide_1.5.1/stm32cubeide/plugins/com.st.stm32cube.ide.mcu.externaltools.gnu-tools-for-stm32.7-2018-q2-update.win32_1.5.0.202011040924/tools/bin/../lib/gcc/arm-none-eabi/7.3.1/../../../../arm-none-eabi/lib/thumb/v7-m\libc_nano.a(lib_a-impure.o)
 .ARM.attributes
                0x0000000000000000       0x2d c:/st/stm32cubeide_1.5.1/stm32cubeide/plugins/com.st.stm32cube.ide.mcu.externaltools.gnu-tools-for-stm32.7-2018-q2-update.win32_1.5.0.202011040924/tools/bin/../lib/gcc/arm-none-eabi/7.3.1/../../../../arm-none-eabi/lib/thumb/v7-m\libc_nano.a(lib_a-impure.o)
 .text          0x0000000000000000        0x0 c:/st/stm32cubeide_1.5.1/stm32cubeide/plugins/com.st.stm32cube.ide.mcu.externaltools.gnu-tools-for-stm32.7-2018-q2-update.win32_1.5.0.202011040924/tools/bin/../lib/gcc/arm-none-eabi/7.3.1/../../../../arm-none-eabi/lib/thumb/v7-m\libc_nano.a(lib_a-init.o)
 .data          0x0000000000000000        0x0 c:/st/stm32cubeide_1.5.1/stm32cubeide/plugins/com.st.stm32cube.ide.mcu.externaltools.gnu-tools-for-stm32.7-2018-q2-update.win32_1.5.0.202011040924/tools/bin/../lib/gcc/arm-none-eabi/7.3.1/../../../../arm-none-eabi/lib/thumb/v7-m\libc_nano.a(lib_a-init.o)
 .bss           0x0000000000000000        0x0 c:/st/stm32cubeide_1.5.1/stm32cubeide/plugins/com.st.stm32cube.ide.mcu.externaltools.gnu-tools-for-stm32.7-2018-q2-update.win32_1.5.0.202011040924/tools/bin/../lib/gcc/arm-none-eabi/7.3.1/../../../../arm-none-eabi/lib/thumb/v7-m\libc_nano.a(lib_a-init.o)
 .text          0x0000000000000000        0x0 c:/st/stm32cubeide_1.5.1/stm32cubeide/plugins/com.st.stm32cube.ide.mcu.externaltools.gnu-tools-for-stm32.7-2018-q2-update.win32_1.5.0.202011040924/tools/bin/../lib/gcc/arm-none-eabi/7.3.1/../../../../arm-none-eabi/lib/thumb/v7-m\libc_nano.a(lib_a-memset.o)
 .data          0x0000000000000000        0x0 c:/st/stm32cubeide_1.5.1/stm32cubeide/plugins/com.st.stm32cube.ide.mcu.externaltools.gnu-tools-for-stm32.7-2018-q2-update.win32_1.5.0.202011040924/tools/bin/../lib/gcc/arm-none-eabi/7.3.1/../../../../arm-none-eabi/lib/thumb/v7-m\libc_nano.a(lib_a-memset.o)
 .bss           0x0000000000000000        0x0 c:/st/stm32cubeide_1.5.1/stm32cubeide/plugins/com.st.stm32cube.ide.mcu.externaltools.gnu-tools-for-stm32.7-2018-q2-update.win32_1.5.0.202011040924/tools/bin/../lib/gcc/arm-none-eabi/7.3.1/../../../../arm-none-eabi/lib/thumb/v7-m\libc_nano.a(lib_a-memset.o)
 .text.memset   0x0000000000000000       0x10 c:/st/stm32cubeide_1.5.1/stm32cubeide/plugins/com.st.stm32cube.ide.mcu.externaltools.gnu-tools-for-stm32.7-2018-q2-update.win32_1.5.0.202011040924/tools/bin/../lib/gcc/arm-none-eabi/7.3.1/../../../../arm-none-eabi/lib/thumb/v7-m\libc_nano.a(lib_a-memset.o)
 .debug_frame   0x0000000000000000       0x20 c:/st/stm32cubeide_1.5.1/stm32cubeide/plugins/com.st.stm32cube.ide.mcu.externaltools.gnu-tools-for-stm32.7-2018-q2-update.win32_1.5.0.202011040924/tools/bin/../lib/gcc/arm-none-eabi/7.3.1/../../../../arm-none-eabi/lib/thumb/v7-m\libc_nano.a(lib_a-memset.o)
 .ARM.attributes
                0x0000000000000000       0x2d c:/st/stm32cubeide_1.5.1/stm32cubeide/plugins/com.st.stm32cube.ide.mcu.externaltools.gnu-tools-for-stm32.7-2018-q2-update.win32_1.5.0.202011040924/tools/bin/../lib/gcc/arm-none-eabi/7.3.1/../../../../arm-none-eabi/lib/thumb/v7-m\libc_nano.a(lib_a-memset.o)
 .data          0x0000000000000000        0x0 c:/st/stm32cubeide_1.5.1/stm32cubeide/plugins/com.st.stm32cube.ide.mcu.externaltools.gnu-tools-for-stm32.7-2018-q2-update.win32_1.5.0.202011040924/tools/bin/../lib/gcc/arm-none-eabi/7.3.1/thumb/v7-m\libgcc.a(_aeabi_ldivmod.o)
 .bss           0x0000000000000000        0x0 c:/st/stm32cubeide_1.5.1/stm32cubeide/plugins/com.st.stm32cube.ide.mcu.externaltools.gnu-tools-for-stm32.7-2018-q2-update.win32_1.5.0.202011040924/tools/bin/../lib/gcc/arm-none-eabi/7.3.1/thumb/v7-m\libgcc.a(_aeabi_ldivmod.o)
 .text          0x0000000000000000       0x30 c:/st/stm32cubeide_1.5.1/stm32cubeide/plugins/com.st.stm32cube.ide.mcu.externaltools.gnu-tools-for-stm32.7-2018-q2-update.win32_1.5.0.202011040924/tools/bin/../lib/gcc/arm-none-eabi/7.3.1/thumb/v7-m\libgcc.a(_aeabi_uldivmod.o)
 .data          0x0000000000000000        0x0 c:/st/stm32cubeide_1.5.1/stm32cubeide/plugins/com.st.stm32cube.ide.mcu.externaltools.gnu-tools-for-stm32.7-2018-q2-update.win32_1.5.0.202011040924/tools/bin/../lib/gcc/arm-none-eabi/7.3.1/thumb/v7-m\libgcc.a(_aeabi_uldivmod.o)
 .bss           0x0000000000000000        0x0 c:/st/stm32cubeide_1.5.1/stm32cubeide/plugins/com.st.stm32cube.ide.mcu.externaltools.gnu-tools-for-stm32.7-2018-q2-update.win32_1.5.0.202011040924/tools/bin/../lib/gcc/arm-none-eabi/7.3.1/thumb/v7-m\libgcc.a(_aeabi_uldivmod.o)
 .debug_frame   0x0000000000000000       0x2c c:/st/stm32cubeide_1.5.1/stm32cubeide/plugins/com.st.stm32cube.ide.mcu.externaltools.gnu-tools-for-stm32.7-2018-q2-update.win32_1.5.0.202011040924/tools/bin/../lib/gcc/arm-none-eabi/7.3.1/thumb/v7-m\libgcc.a(_aeabi_uldivmod.o)
 .ARM.attributes
                0x0000000000000000       0x1d c:/st/stm32cubeide_1.5.1/stm32cubeide/plugins/com.st.stm32cube.ide.mcu.externaltools.gnu-tools-for-stm32.7-2018-q2-update.win32_1.5.0.202011040924/tools/bin/../lib/gcc/arm-none-eabi/7.3.1/thumb/v7-m\libgcc.a(_aeabi_uldivmod.o)
 .data          0x0000000000000000        0x0 c:/st/stm32cubeide_1.5.1/stm32cubeide/plugins/com.st.stm32cube.ide.mcu.externaltools.gnu-tools-for-stm32.7-2018-q2-update.win32_1.5.0.202011040924/tools/bin/../lib/gcc/arm-none-eabi/7.3.1/thumb/v7-m\libgcc.a(_udivmoddi4.o)
 .bss           0x0000000000000000        0x0 c:/st/stm32cubeide_1.5.1/stm32cubeide/plugins/com.st.stm32cube.ide.mcu.externaltools.gnu-tools-for-stm32.7-2018-q2-update.win32_1.5.0.202011040924/tools/bin/../lib/gcc/arm-none-eabi/7.3.1/thumb/v7-m\libgcc.a(_udivmoddi4.o)
 .ARM.extab     0x0000000000000000        0x0 c:/st/stm32cubeide_1.5.1/stm32cubeide/plugins/com.st.stm32cube.ide.mcu.externaltools.gnu-tools-for-stm32.7-2018-q2-update.win32_1.5.0.202011040924/tools/bin/../lib/gcc/arm-none-eabi/7.3.1/thumb/v7-m\libgcc.a(_udivmoddi4.o)
 .data          0x0000000000000000        0x0 c:/st/stm32cubeide_1.5.1/stm32cubeide/plugins/com.st.stm32cube.ide.mcu.externaltools.gnu-tools-for-stm32.7-2018-q2-update.win32_1.5.0.202011040924/tools/bin/../lib/gcc/arm-none-eabi/7.3.1/thumb/v7-m\libgcc.a(_dvmd_tls.o)
 .bss           0x0000000000000000        0x0 c:/st/stm32cubeide_1.5.1/stm32cubeide/plugins/com.st.stm32cube.ide.mcu.externaltools.gnu-tools-for-stm32.7-2018-q2-update.win32_1.5.0.202011040924/tools/bin/../lib/gcc/arm-none-eabi/7.3.1/thumb/v7-m\libgcc.a(_dvmd_tls.o)
 .text          0x0000000000000000        0x0 c:/st/stm32cubeide_1.5.1/stm32cubeide/plugins/com.st.stm32cube.ide.mcu.externaltools.gnu-tools-for-stm32.7-2018-q2-update.win32_1.5.0.202011040924/tools/bin/../lib/gcc/arm-none-eabi/7.3.1/thumb/v7-m/crtend.o
 .data          0x0000000000000000        0x0 c:/st/stm32cubeide_1.5.1/stm32cubeide/plugins/com.st.stm32cube.ide.mcu.externaltools.gnu-tools-for-stm32.7-2018-q2-update.win32_1.5.0.202011040924/tools/bin/../lib/gcc/arm-none-eabi/7.3.1/thumb/v7-m/crtend.o
 .bss           0x0000000000000000        0x0 c:/st/stm32cubeide_1.5.1/stm32cubeide/plugins/com.st.stm32cube.ide.mcu.externaltools.gnu-tools-for-stm32.7-2018-q2-update.win32_1.5.0.202011040924/tools/bin/../lib/gcc/arm-none-eabi/7.3.1/thumb/v7-m/crtend.o
 .eh_frame      0x0000000000000000        0x4 c:/st/stm32cubeide_1.5.1/stm32cubeide/plugins/com.st.stm32cube.ide.mcu.externaltools.gnu-tools-for-stm32.7-2018-q2-update.win32_1.5.0.202011040924/tools/bin/../lib/gcc/arm-none-eabi/7.3.1/thumb/v7-m/crtend.o
 .ARM.attributes
                0x0000000000000000       0x2d c:/st/stm32cubeide_1.5.1/stm32cubeide/plugins/com.st.stm32cube.ide.mcu.externaltools.gnu-tools-for-stm32.7-2018-q2-update.win32_1.5.0.202011040924/tools/bin/../lib/gcc/arm-none-eabi/7.3.1/thumb/v7-m/crtend.o
 .text          0x0000000000000000        0x0 c:/st/stm32cubeide_1.5.1/stm32cubeide/plugins/com.st.stm32cube.ide.mcu.externaltools.gnu-tools-for-stm32.7-2018-q2-update.win32_1.5.0.202011040924/tools/bin/../lib/gcc/arm-none-eabi/7.3.1/thumb/v7-m/crtn.o
 .data          0x0000000000000000        0x0 c:/st/stm32cubeide_1.5.1/stm32cubeide/plugins/com.st.stm32cube.ide.mcu.externaltools.gnu-tools-for-stm32.7-2018-q2-update.win32_1.5.0.202011040924/tools/bin/../lib/gcc/arm-none-eabi/7.3.1/thumb/v7-m/crtn.o
 .bss           0x0000000000000000        0x0 c:/st/stm32cubeide_1.5.1/stm32cubeide/plugins/com.st.stm32cube.ide.mcu.externaltools.gnu-tools-for-stm32.7-2018-q2-update.win32_1.5.0.202011040924/tools/bin/../lib/gcc/arm-none-eabi/7.3.1/thumb/v7-m/crtn.o

Memory Configuration

Name             Origin             Length             Attributes
RAM              0x0000000020000000 0x0000000000005000 xrw
FLASH            0x0000000008000000 0x0000000000010000 xr
*default*        0x0000000000000000 0xffffffffffffffff

Linker script and memory map

LOAD c:/st/stm32cubeide_1.5.1/stm32cubeide/plugins/com.st.stm32cube.ide.mcu.externaltools.gnu-tools-for-stm32.7-2018-q2-update.win32_1.5.0.202011040924/tools/bin/../lib/gcc/arm-none-eabi/7.3.1/thumb/v7-m/crti.o
LOAD c:/st/stm32cubeide_1.5.1/stm32cubeide/plugins/com.st.stm32cube.ide.mcu.externaltools.gnu-tools-for-stm32.7-2018-q2-update.win32_1.5.0.202011040924/tools/bin/../lib/gcc/arm-none-eabi/7.3.1/thumb/v7-m/crtbegin.o
LOAD c:/st/stm32cubeide_1.5.1/stm32cubeide/plugins/com.st.stm32cube.ide.mcu.externaltools.gnu-tools-for-stm32.7-2018-q2-update.win32_1.5.0.202011040924/tools/bin/../lib/gcc/arm-none-eabi/7.3.1/../../../../arm-none-eabi/lib/thumb/v7-m/crt0.o
LOAD Src/ADC_program.o
LOAD Src/DMA_program.o
LOAD Src/EXTI_program.o
LOAD Src/GPIO_program.o
LOAD Src/Keypad_program.o
LOAD Src/LCD_program.o
LOAD Src/NVIC_program.o
LOAD Src/RCC_program.o
LOAD Src/SEG_program.o
LOAD Src/SysTick_program.o
LOAD Src/Timer_program.o
LOAD Src/UART_program.o
LOAD Src/main.o
LOAD Src/syscalls.o
LOAD Src/sysmem.o
LOAD Startup/startup_stm32f103c8tx.o
START GROUP
LOAD c:/st/stm32cubeide_1.5.1/stm32cubeide/plugins/com.st.stm32cube.ide.mcu.externaltools.gnu-tools-for-stm32.7-2018-q2-update.win32_1.5.0.202011040924/tools/bin/../lib/gcc/arm-none-eabi/7.3.1/../../../../arm-none-eabi/lib/thumb/v7-m\libc_nano.a
LOAD c:/st/stm32cubeide_1.5.1/stm32cubeide/plugins/com.st.stm32cube.ide.mcu.externaltools.gnu-tools-for-stm32.7-2018-q2-update.win32_1.5.0.202011040924/tools/bin/../lib/gcc/arm-none-eabi/7.3.1/../../../../arm-none-eabi/lib/thumb/v7-m\libm.a
END GROUP
START GROUP
LOAD c:/st/stm32cubeide_1.5.1/stm32cubeide/plugins/com.st.stm32cube.ide.mcu.externaltools.gnu-tools-for-stm32.7-2018-q2-update.win32_1.5.0.202011040924/tools/bin/../lib/gcc/arm-none-eabi/7.3.1/thumb/v7-m\libgcc.a
LOAD c:/st/stm32cubeide_1.5.1/stm32cubeide/plugins/com.st.stm32cube.ide.mcu.externaltools.gnu-tools-for-stm32.7-2018-q2-update.win32_1.5.0.202011040924/tools/bin/../lib/gcc/arm-none-eabi/7.3.1/../../../../arm-none-eabi/lib/thumb/v7-m\libc_nano.a
END GROUP
START GROUP
LOAD c:/st/stm32cubeide_1.5.1/stm32cubeide/plugins/com.st.stm32cube.ide.mcu.externaltools.gnu-tools-for-stm32.7-2018-q2-update.win32_1.5.0.202011040924/tools/bin/../lib/gcc/arm-none-eabi/7.3.1/thumb/v7-m\libgcc.a
LOAD c:/st/stm32cubeide_1.5.1/stm32cubeide/plugins/com.st.stm32cube.ide.mcu.externaltools.gnu-tools-for-stm32.7-2018-q2-update.win32_1.5.0.202011040924/tools/bin/../lib/gcc/arm-none-eabi/7.3.1/../../../../arm-none-eabi/lib/thumb/v7-m\libc_nano.a
LOAD c:/st/stm32cubeide_1.5.1/stm32cubeide/plugins/com.st.stm32cube.ide.mcu.externaltools.gnu-tools-for-stm32.7-2018-q2-update.win32_1.5.0.202011040924/tools/bin/../lib/gcc/arm-none-eabi/7.3.1/../../../../arm-none-eabi/lib/thumb/v7-m\libnosys.a
END GROUP
START GROUP
LOAD c:/st/stm32cubeide_1.5.1/stm32cubeide/plugins/com.st.stm32cube.ide.mcu.externaltools.gnu-tools-for-stm32.7-2018-q2-update.win32_1.5.0.202011040924/tools/bin/../lib/gcc/arm-none-eabi/7.3.1/thumb/v7-m\libgcc.a
LOAD c:/st/stm32cubeide_1.5.1/stm32cubeide/plugins/com.st.stm32cube.ide.mcu.externaltools.gnu-tools-for-stm32.7-2018-q2-update.win32_1.5.0.202011040924/tools/bin/../lib/gcc/arm-none-eabi/7.3.1/../../../../arm-none-eabi/lib/thumb/v7-m\libc_nano.a
LOAD c:/st/stm32cubeide_1.5.1/stm32cubeide/plugins/com.st.stm32cube.ide.mcu.externaltools.gnu-tools-for-stm32.7-2018-q2-update.win32_1.5.0.202011040924/tools/bin/../lib/gcc/arm-none-eabi/7.3.1/../../../../arm-none-eabi/lib/thumb/v7-m\libnosys.a
END GROUP
LOAD c:/st/stm32cubeide_1.5.1/stm32cubeide/plugins/com.st.stm32cube.ide.mcu.externaltools.gnu-tools-for-stm32.7-2018-q2-update.win32_1.5.0.202011040924/tools/bin/../lib/gcc/arm-none-eabi/7.3.1/thumb/v7-m/crtend.o
LOAD c:/st/stm32cubeide_1.5.1/stm32cubeide/plugins/com.st.stm32cube.ide.mcu.externaltools.gnu-tools-for-stm32.7-2018-q2-update.win32_1.5.0.202011040924/tools/bin/../lib/gcc/arm-none-eabi/7.3.1/thumb/v7-m/crtn.o
                0x0000000020005000                _estack = (ORIGIN (RAM) + LENGTH (RAM))
                0x0000000000000200                _Min_Heap_Size = 0x200
                0x0000000000000400                _Min_Stack_Size = 0x400

.isr_vector     0x0000000008000000      0x130
                0x0000000008000000                . = ALIGN (0x4)
 *(.isr_vector)
 .isr_vector    0x0000000008000000      0x130 Startup/startup_stm32f103c8tx.o
                0x0000000008000000                g_pfnVectors
                0x0000000008000130                . = ALIGN (0x4)

.text           0x0000000008000130     0x489c
                0x0000000008000130                . = ALIGN (0x4)
 *(.text)
 .text          0x0000000008000130       0x40 c:/st/stm32cubeide_1.5.1/stm32cubeide/plugins/com.st.stm32cube.ide.mcu.externaltools.gnu-tools-for-stm32.7-2018-q2-update.win32_1.5.0.202011040924/tools/bin/../lib/gcc/arm-none-eabi/7.3.1/thumb/v7-m/crtbegin.o
 .text          0x0000000008000170       0xa0 c:/st/stm32cubeide_1.5.1/stm32cubeide/plugins/com.st.stm32cube.ide.mcu.externaltools.gnu-tools-for-stm32.7-2018-q2-update.win32_1.5.0.202011040924/tools/bin/../lib/gcc/arm-none-eabi/7.3.1/thumb/v7-m\libgcc.a(_aeabi_ldivmod.o)
                0x0000000008000170                __aeabi_ldivmod
 .text          0x0000000008000210      0x2d0 c:/st/stm32cubeide_1.5.1/stm32cubeide/plugins/com.st.stm32cube.ide.mcu.externaltools.gnu-tools-for-stm32.7-2018-q2-update.win32_1.5.0.202011040924/tools/bin/../lib/gcc/arm-none-eabi/7.3.1/thumb/v7-m\libgcc.a(_udivmoddi4.o)
                0x0000000008000210                __udivmoddi4
 .text          0x00000000080004e0        0x4 c:/st/stm32cubeide_1.5.1/stm32cubeide/plugins/com.st.stm32cube.ide.mcu.externaltools.gnu-tools-for-stm32.7-2018-q2-update.win32_1.5.0.202011040924/tools/bin/../lib/gcc/arm-none-eabi/7.3.1/thumb/v7-m\libgcc.a(_dvmd_tls.o)
                0x00000000080004e0                __aeabi_idiv0
                0x00000000080004e0                __aeabi_ldiv0
 *(.text*)
 .text.ADC_voidInit
                0x00000000080004e4       0x54 Src/ADC_program.o
                0x00000000080004e4                ADC_voidInit
 .text.ADC_u16GetValue
                0x0000000008000538       0x5c Src/ADC_program.o
                0x0000000008000538                ADC_u16GetValue
 .text.POT_PercentRead
                0x0000000008000594       0x34 Src/ADC_program.o
                0x0000000008000594                POT_PercentRead
 .text.LDR_PercentRead
                0x00000000080005c8       0x36 Src/ADC_program.o
                0x00000000080005c8                LDR_PercentRead
 *fill*         0x00000000080005fe        0x2 
 .text.EXTI0_IRQHandler
                0x0000000008000600       0x2c Src/EXTI_program.o
                0x0000000008000600                EXTI0_IRQHandler
 .text.EXTI1_IRQHandler
                0x000000000800062c       0x2c Src/EXTI_program.o
                0x000000000800062c                EXTI1_IRQHandler
 .text.EXTI2_IRQHandler
                0x0000000008000658       0x2c Src/EXTI_program.o
                0x0000000008000658                EXTI2_IRQHandler
 .text.EXTI3_IRQHandler
                0x0000000008000684       0x2c Src/EXTI_program.o
                0x0000000008000684                EXTI3_IRQHandler
 .text.EXTI4_IRQHandler
                0x00000000080006b0       0x2c Src/EXTI_program.o
                0x00000000080006b0                EXTI4_IRQHandler
 .text.EXTI9_5_IRQHandler
                0x00000000080006dc       0xb0 Src/EXTI_program.o
                0x00000000080006dc                EXTI9_5_IRQHandler
 .text.EXTI15_10_IRQHandler
                0x000000000800078c       0xd0 Src/EXTI_program.o
                0x000000000800078c                EXTI15_10_IRQHandler
 .text.DIO_InitPin
                0x000000000800085c      0xfc0 Src/GPIO_program.o
                0x000000000800085c                DIO_InitPin
 .text.DIO_WritePin
                0x000000000800181c      0x100 Src/GPIO_program.o
                0x000000000800181c                DIO_WritePin
 .text.DIO_Init
                0x000000000800191c       0x34 Src/GPIO_program.o
                0x000000000800191c                DIO_Init
 .text.Delay_ms
                0x0000000008001950       0x3c Src/LCD_program.o
 .text.LCD_WriteData
                0x000000000800198c       0xe8 Src/LCD_program.o
                0x000000000800198c                LCD_WriteData
 .text.LCD_WriteCommand
                0x0000000008001a74       0xe8 Src/LCD_program.o
                0x0000000008001a74                LCD_WriteCommand
 .text.LCD_Init
                0x0000000008001b5c       0x4a Src/LCD_program.o
                0x0000000008001b5c                LCD_Init
 .text.LCD_WriteChar
                0x0000000008001ba6       0x1a Src/LCD_program.o
                0x0000000008001ba6                LCD_WriteChar
 .text.LCD_WriteString
                0x0000000008001bc0       0x36 Src/LCD_program.o
                0x0000000008001bc0                LCD_WriteString
 .text.LCD_WriteNumber
                0x0000000008001bf6      0x15a Src/LCD_program.o
                0x0000000008001bf6                LCD_WriteNumber
 .text.LCD_SetCursor
                0x0000000008001d50       0x3e Src/LCD_program.o
                0x0000000008001d50                LCD_SetCursor
 .text.LCD_WriteCharXY
                0x0000000008001d8e       0x2e Src/LCD_program.o
                0x0000000008001d8e                LCD_WriteCharXY
 .text.LCD_WriteStringXY
                0x0000000008001dbc       0x2a Src/LCD_program.o
                0x0000000008001dbc                LCD_WriteStringXY
 .text.LCD_WriteNumberXY
                0x0000000008001de6       0x2e Src/LCD_program.o
                0x0000000008001de6                LCD_WriteNumberXY
 .text.RCC_voidInit
                0x0000000008001e14       0xd4 Src/RCC_program.o
                0x0000000008001e14                RCC_voidInit
 .text.RCC_voidEnablePeripheralClock_EntireBus
                0x0000000008001ee8       0xc8 Src/RCC_program.o
                0x0000000008001ee8                RCC_voidEnablePeripheralClock_EntireBus
 .text.STK_voidInit
                0x0000000008001fb0       0x18 Src/SysTick_program.o
                0x0000000008001fb0                STK_voidInit
 .text.STK_voidSetBusyWait
                0x0000000008001fc8       0x5c Src/SysTick_program.o
                0x0000000008001fc8                STK_voidSetBusyWait
 .text.SysTick_Handler
                0x0000000008002024       0x5c Src/SysTick_program.o
                0x0000000008002024                SysTick_Handler
 .text.TimerInit
                0x0000000008002080      0x1e8 Src/Timer_program.o
                0x0000000008002080                TimerInit
 .text.timer_voidGPWM
                0x0000000008002268     0x1064 Src/Timer_program.o
                0x0000000008002268                timer_voidGPWM
 .text.TIM1_BRK_IRQHandler
                0x00000000080032cc       0x14 Src/Timer_program.o
                0x00000000080032cc                TIM1_BRK_IRQHandler
 .text.TIM1_UP_IRQHandler
                0x00000000080032e0       0x24 Src/Timer_program.o
                0x00000000080032e0                TIM1_UP_IRQHandler
 .text.TIM1_TRG_COM_IRQHandler
                0x0000000008003304       0x24 Src/Timer_program.o
                0x0000000008003304                TIM1_TRG_COM_IRQHandler
 .text.TIM1_CC_IRQHandler
                0x0000000008003328       0xe8 Src/Timer_program.o
                0x0000000008003328                TIM1_CC_IRQHandler
 .text.TIM2_IRQHandler
                0x0000000008003410      0x150 Src/Timer_program.o
                0x0000000008003410                TIM2_IRQHandler
 .text.TIM3_IRQHandler
                0x0000000008003560      0x118 Src/Timer_program.o
                0x0000000008003560                TIM3_IRQHandler
 .text.TIM4_IRQHandler
                0x0000000008003678      0x118 Src/Timer_program.o
                0x0000000008003678                TIM4_IRQHandler
 .text.UART_voidInit
                0x0000000008003790      0x214 Src/UART_program.o
                0x0000000008003790                UART_voidInit
 .text.UART_u8ReciveCharPeriodic
                0x00000000080039a4       0x9c Src/UART_program.o
                0x00000000080039a4                UART_u8ReciveCharPeriodic
 .text.USART1_IRQHandler
                0x0000000008003a40       0x3c Src/UART_program.o
                0x0000000008003a40                USART1_IRQHandler
 .text.USART2_IRQHandler
                0x0000000008003a7c       0x3c Src/UART_program.o
                0x0000000008003a7c                USART2_IRQHandler
 .text.USART3_IRQHandler
                0x0000000008003ab8       0x3c Src/UART_program.o
                0x0000000008003ab8                USART3_IRQHandler
 .text.main     0x0000000008003af4      0xe24 Src/main.o
                0x0000000008003af4                main
 .text.Reset_Handler
                0x0000000008004918       0x50 Startup/startup_stm32f103c8tx.o
                0x0000000008004918                Reset_Handler
 .text.Default_Handler
                0x0000000008004968        0x2 Startup/startup_stm32f103c8tx.o
                0x0000000008004968                TIM8_TRG_COM_IRQHandler
                0x0000000008004968                TIM8_CC_IRQHandler
                0x0000000008004968                DebugMon_Handler
                0x0000000008004968                HardFault_Handler
                0x0000000008004968                TIM6_IRQHandler
                0x0000000008004968                PVD_IRQHandler
                0x0000000008004968                SDIO_IRQHandler
                0x0000000008004968                PendSV_Handler
                0x0000000008004968                NMI_Handler
                0x0000000008004968                USB_HP_CAN_TX_IRQHandler
                0x0000000008004968                I2C2_EV_IRQHandler
                0x0000000008004968                UsageFault_Handler
                0x0000000008004968                ADC1_2_IRQHandler
                0x0000000008004968                SPI1_IRQHandler
                0x0000000008004968                CAN_SCE_IRQHandler
                0x0000000008004968                TAMPER_IRQHandler
                0x0000000008004968                TIM8_UP_IRQHandler
                0x0000000008004968                DMA2_Channel2_IRQHandler
                0x0000000008004968                DMA1_Channel4_IRQHandler
                0x0000000008004968                RTC_IRQHandler
                0x0000000008004968                DMA1_Channel7_IRQHandler
                0x0000000008004968                UART5_IRQHandler
                0x0000000008004968                ADC3_IRQHandler
                0x0000000008004968                CAN_RX1_IRQHandler
                0x0000000008004968                DMA2_Channel1_IRQHandler
                0x0000000008004968                I2C1_EV_IRQHandler
                0x0000000008004968                DMA1_Channel6_IRQHandler
                0x0000000008004968                UART4_IRQHandler
                0x0000000008004968                RCC_IRQHandler
                0x0000000008004968                DMA1_Channel1_IRQHandler
                0x0000000008004968                Default_Handler
                0x0000000008004968                TIM7_IRQHandler
                0x0000000008004968                TIM5_IRQHandler
                0x0000000008004968                SPI2_IRQHandler
                0x0000000008004968                USB_LP_CAN_RX0_IRQHandler
                0x0000000008004968                MemManage_Handler
                0x0000000008004968                SVC_Handler
                0x0000000008004968                DMA1_Channel5_IRQHandler
                0x0000000008004968                DMA1_Channel3_IRQHandler
                0x0000000008004968                FSMC_IRQHandler
                0x0000000008004968                WWDG_IRQHandler
                0x0000000008004968                RTCAlarm_IRQHandler
                0x0000000008004968                DMA2_Channel4_5_IRQHandler
                0x0000000008004968                I2C2_ER_IRQHandler
                0x0000000008004968                DMA1_Channel2_IRQHandler
                0x0000000008004968                TIM8_BRK_IRQHandler
                0x0000000008004968                FLASH_IRQHandler
                0x0000000008004968                BusFault_Handler
                0x0000000008004968                SPI3_IRQHandler
                0x0000000008004968                I2C1_ER_IRQHandler
                0x0000000008004968                DMA2_Channel3_IRQHandler
 *fill*         0x000000000800496a        0x2 
 .text.__libc_init_array
                0x000000000800496c       0x48 c:/st/stm32cubeide_1.5.1/stm32cubeide/plugins/com.st.stm32cube.ide.mcu.externaltools.gnu-tools-for-stm32.7-2018-q2-update.win32_1.5.0.202011040924/tools/bin/../lib/gcc/arm-none-eabi/7.3.1/../../../../arm-none-eabi/lib/thumb/v7-m\libc_nano.a(lib_a-init.o)
                0x000000000800496c                __libc_init_array
 *(.glue_7)
 .glue_7        0x00000000080049b4        0x0 linker stubs
 *(.glue_7t)
 .glue_7t       0x00000000080049b4        0x0 linker stubs
 *(.eh_frame)
 .eh_frame      0x00000000080049b4        0x0 c:/st/stm32cubeide_1.5.1/stm32cubeide/plugins/com.st.stm32cube.ide.mcu.externaltools.gnu-tools-for-stm32.7-2018-q2-update.win32_1.5.0.202011040924/tools/bin/../lib/gcc/arm-none-eabi/7.3.1/thumb/v7-m/crtbegin.o
 *(.init)
 .init          0x00000000080049b4        0x4 c:/st/stm32cubeide_1.5.1/stm32cubeide/plugins/com.st.stm32cube.ide.mcu.externaltools.gnu-tools-for-stm32.7-2018-q2-update.win32_1.5.0.202011040924/tools/bin/../lib/gcc/arm-none-eabi/7.3.1/thumb/v7-m/crti.o
                0x00000000080049b4                _init
 .init          0x00000000080049b8        0x8 c:/st/stm32cubeide_1.5.1/stm32cubeide/plugins/com.st.stm32cube.ide.mcu.externaltools.gnu-tools-for-stm32.7-2018-q2-update.win32_1.5.0.202011040924/tools/bin/../lib/gcc/arm-none-eabi/7.3.1/thumb/v7-m/crtn.o
 *(.fini)
 .fini          0x00000000080049c0        0x4 c:/st/stm32cubeide_1.5.1/stm32cubeide/plugins/com.st.stm32cube.ide.mcu.externaltools.gnu-tools-for-stm32.7-2018-q2-update.win32_1.5.0.202011040924/tools/bin/../lib/gcc/arm-none-eabi/7.3.1/thumb/v7-m/crti.o
                0x00000000080049c0                _fini
 .fini          0x00000000080049c4        0x8 c:/st/stm32cubeide_1.5.1/stm32cubeide/plugins/com.st.stm32cube.ide.mcu.externaltools.gnu-tools-for-stm32.7-2018-q2-update.win32_1.5.0.202011040924/tools/bin/../lib/gcc/arm-none-eabi/7.3.1/thumb/v7-m/crtn.o
                0x00000000080049cc                . = ALIGN (0x4)
                0x00000000080049cc                _etext = .

.vfp11_veneer   0x00000000080049cc        0x0
 .vfp11_veneer  0x00000000080049cc        0x0 linker stubs

.v4_bx          0x00000000080049cc        0x0
 .v4_bx         0x00000000080049cc        0x0 linker stubs

.iplt           0x00000000080049cc        0x0
 .iplt          0x00000000080049cc        0x0 c:/st/stm32cubeide_1.5.1/stm32cubeide/plugins/com.st.stm32cube.ide.mcu.externaltools.gnu-tools-for-stm32.7-2018-q2-update.win32_1.5.0.202011040924/tools/bin/../lib/gcc/arm-none-eabi/7.3.1/thumb/v7-m/crtbegin.o

.rodata         0x00000000080049cc      0x194
                0x00000000080049cc                . = ALIGN (0x4)
 *(.rodata)
 .rodata        0x00000000080049cc      0x138 Src/main.o
 *(.rodata*)
 .rodata.PinsStatusArray
                0x0000000008004b04       0x30 Src/GPIO_program.o
                0x0000000008004b04                PinsStatusArray
 .rodata.AHB_Bus_On_Off_Array
                0x0000000008004b34        0x9 Src/RCC_program.o
                0x0000000008004b34                AHB_Bus_On_Off_Array
 *fill*         0x0000000008004b3d        0x3 
 .rodata.APB2_Bus_On_Off_Array
                0x0000000008004b40        0xb Src/RCC_program.o
                0x0000000008004b40                APB2_Bus_On_Off_Array
 *fill*         0x0000000008004b4b        0x1 
 .rodata.APB1_Bus_On_Off_Array
                0x0000000008004b4c       0x14 Src/RCC_program.o
                0x0000000008004b4c                APB1_Bus_On_Off_Array
                0x0000000008004b60                . = ALIGN (0x4)

.ARM.extab      0x0000000008004b60        0x0
                0x0000000008004b60                . = ALIGN (0x4)
 *(.ARM.extab* .gnu.linkonce.armextab.*)
                0x0000000008004b60                . = ALIGN (0x4)

.ARM            0x0000000008004b60        0x8
                0x0000000008004b60                . = ALIGN (0x4)
                0x0000000008004b60                __exidx_start = .
 *(.ARM.exidx*)
 .ARM.exidx     0x0000000008004b60        0x8 c:/st/stm32cubeide_1.5.1/stm32cubeide/plugins/com.st.stm32cube.ide.mcu.externaltools.gnu-tools-for-stm32.7-2018-q2-update.win32_1.5.0.202011040924/tools/bin/../lib/gcc/arm-none-eabi/7.3.1/thumb/v7-m\libgcc.a(_udivmoddi4.o)
                0x0000000008004b68                __exidx_end = .
                0x0000000008004b68                . = ALIGN (0x4)

.rel.dyn        0x0000000008004b68        0x0
 .rel.iplt      0x0000000008004b68        0x0 c:/st/stm32cubeide_1.5.1/stm32cubeide/plugins/com.st.stm32cube.ide.mcu.externaltools.gnu-tools-for-stm32.7-2018-q2-update.win32_1.5.0.202011040924/tools/bin/../lib/gcc/arm-none-eabi/7.3.1/thumb/v7-m/crtbegin.o

.preinit_array  0x0000000008004b68        0x0
                0x0000000008004b68                . = ALIGN (0x4)
                0x0000000008004b68                PROVIDE (__preinit_array_start = .)
 *(.preinit_array*)
                0x0000000008004b68                PROVIDE (__preinit_array_end = .)
                0x0000000008004b68                . = ALIGN (0x4)

.init_array     0x0000000008004b68        0x4
                0x0000000008004b68                . = ALIGN (0x4)
                0x0000000008004b68                PROVIDE (__init_array_start = .)
 *(SORT_BY_NAME(.init_array.*))
 *(.init_array*)
 .init_array    0x0000000008004b68        0x4 c:/st/stm32cubeide_1.5.1/stm32cubeide/plugins/com.st.stm32cube.ide.mcu.externaltools.gnu-tools-for-stm32.7-2018-q2-update.win32_1.5.0.202011040924/tools/bin/../lib/gcc/arm-none-eabi/7.3.1/thumb/v7-m/crtbegin.o
                0x0000000008004b6c                PROVIDE (__init_array_end = .)
                0x0000000008004b6c                . = ALIGN (0x4)

.fini_array     0x0000000008004b6c        0x4
                0x0000000008004b6c                . = ALIGN (0x4)
                [!provide]                        PROVIDE (__fini_array_start = .)
 *(SORT_BY_NAME(.fini_array.*))
 *(.fini_array*)
 .fini_array    0x0000000008004b6c        0x4 c:/st/stm32cubeide_1.5.1/stm32cubeide/plugins/com.st.stm32cube.ide.mcu.externaltools.gnu-tools-for-stm32.7-2018-q2-update.win32_1.5.0.202011040924/tools/bin/../lib/gcc/arm-none-eabi/7.3.1/thumb/v7-m/crtbegin.o
                [!provide]                        PROVIDE (__fini_array_end = .)
                0x0000000008004b70                . = ALIGN (0x4)
                0x0000000008004b70                _sidata = LOADADDR (.data)

.data           0x0000000020000000        0x0 load address 0x0000000008004b70
                0x0000000020000000                . = ALIGN (0x4)
                0x0000000020000000                _sdata = .
 *(.data)
 *(.data*)
 *(.RamFunc)
 *(.RamFunc*)
                0x0000000020000000                . = ALIGN (0x4)
                0x0000000020000000                _edata = .

.igot.plt       0x0000000020000000        0x0 load address 0x0000000008004b70
 .igot.plt      0x0000000020000000        0x0 c:/st/stm32cubeide_1.5.1/stm32cubeide/plugins/com.st.stm32cube.ide.mcu.externaltools.gnu-tools-for-stm32.7-2018-q2-update.win32_1.5.0.202011040924/tools/bin/../lib/gcc/arm-none-eabi/7.3.1/thumb/v7-m/crtbegin.o
                0x0000000020000000                . = ALIGN (0x4)

.bss            0x0000000020000000       0x80 load address 0x0000000008004b70
                0x0000000020000000                _sbss = .
                0x0000000020000000                __bss_start__ = _sbss
 *(.bss)
 .bss           0x0000000020000000       0x1c c:/st/stm32cubeide_1.5.1/stm32cubeide/plugins/com.st.stm32cube.ide.mcu.externaltools.gnu-tools-for-stm32.7-2018-q2-update.win32_1.5.0.202011040924/tools/bin/../lib/gcc/arm-none-eabi/7.3.1/thumb/v7-m/crtbegin.o
 *(.bss*)
 .bss.EXTI_pfCallBack
                0x000000002000001c       0x40 Src/EXTI_program.o
 .bss.STK_PfCallBack
                0x000000002000005c        0x4 Src/SysTick_program.o
 .bss.STK_u8IntervalMode
                0x0000000020000060        0x1 Src/SysTick_program.o
 *fill*         0x0000000020000061        0x3 
 .bss.TIM_pfCallBack
                0x0000000020000064       0x10 Src/Timer_program.o
 .bss.UART_pfCallBack
                0x0000000020000074        0xc Src/UART_program.o
 *(COMMON)
                0x0000000020000080                . = ALIGN (0x4)
                0x0000000020000080                _ebss = .
                0x0000000020000080                __bss_end__ = _ebss

._user_heap_stack
                0x0000000020000080      0x600 load address 0x0000000008004b70
                0x0000000020000080                . = ALIGN (0x8)
                [!provide]                        PROVIDE (end = .)
                0x0000000020000080                PROVIDE (_end = .)
                0x0000000020000280                . = (. + _Min_Heap_Size)
 *fill*         0x0000000020000080      0x200 
                0x0000000020000680                . = (. + _Min_Stack_Size)
 *fill*         0x0000000020000280      0x400 
                0x0000000020000680                . = ALIGN (0x8)

/DISCARD/
 libc.a(*)
 libm.a(*)
 libgcc.a(*)

.ARM.attributes
                0x0000000000000000       0x29
 *(.ARM.attributes)
 .ARM.attributes
                0x0000000000000000       0x1d c:/st/stm32cubeide_1.5.1/stm32cubeide/plugins/com.st.stm32cube.ide.mcu.externaltools.gnu-tools-for-stm32.7-2018-q2-update.win32_1.5.0.202011040924/tools/bin/../lib/gcc/arm-none-eabi/7.3.1/thumb/v7-m/crti.o
 .ARM.attributes
                0x000000000000001d       0x2d c:/st/stm32cubeide_1.5.1/stm32cubeide/plugins/com.st.stm32cube.ide.mcu.externaltools.gnu-tools-for-stm32.7-2018-q2-update.win32_1.5.0.202011040924/tools/bin/../lib/gcc/arm-none-eabi/7.3.1/thumb/v7-m/crtbegin.o
 .ARM.attributes
                0x000000000000004a       0x33 Src/ADC_program.o
 .ARM.attributes
                0x000000000000007d       0x33 Src/EXTI_program.o
 .ARM.attributes
                0x00000000000000b0       0x33 Src/GPIO_program.o
 .ARM.attributes
                0x00000000000000e3       0x33 Src/LCD_program.o
 .ARM.attributes
                0x0000000000000116       0x33 Src/RCC_program.o
 .ARM.attributes
                0x0000000000000149       0x33 Src/SysTick_program.o
 .ARM.attributes
                0x000000000000017c       0x33 Src/Timer_program.o
 .ARM.attributes
                0x00000000000001af       0x33 Src/UART_program.o
 .ARM.attributes
                0x00000000000001e2       0x33 Src/main.o
 .ARM.attributes
                0x0000000000000215       0x21 Startup/startup_stm32f103c8tx.o
 .ARM.attributes
                0x0000000000000236       0x2d c:/st/stm32cubeide_1.5.1/stm32cubeide/plugins/com.st.stm32cube.ide.mcu.externaltools.gnu-tools-for-stm32.7-2018-q2-update.win32_1.5.0.202011040924/tools/bin/../lib/gcc/arm-none-eabi/7.3.1/../../../../arm-none-eabi/lib/thumb/v7-m\libc_nano.a(lib_a-init.o)
 .ARM.attributes
                0x0000000000000263       0x1d c:/st/stm32cubeide_1.5.1/stm32cubeide/plugins/com.st.stm32cube.ide.mcu.externaltools.gnu-tools-for-stm32.7-2018-q2-update.win32_1.5.0.202011040924/tools/bin/../lib/gcc/arm-none-eabi/7.3.1/thumb/v7-m\libgcc.a(_aeabi_ldivmod.o)
 .ARM.attributes
                0x0000000000000280       0x2d c:/st/stm32cubeide_1.5.1/stm32cubeide/plugins/com.st.stm32cube.ide.mcu.externaltools.gnu-tools-for-stm32.7-2018-q2-update.win32_1.5.0.202011040924/tools/bin/../lib/gcc/arm-none-eabi/7.3.1/thumb/v7-m\libgcc.a(_udivmoddi4.o)
 .ARM.attributes
                0x00000000000002ad       0x1d c:/st/stm32cubeide_1.5.1/stm32cubeide/plugins/com.st.stm32cube.ide.mcu.externaltools.gnu-tools-for-stm32.7-2018-q2-update.win32_1.5.0.202011040924/tools/bin/../lib/gcc/arm-none-eabi/7.3.1/thumb/v7-m\libgcc.a(_dvmd_tls.o)
 .ARM.attributes
                0x00000000000002ca       0x1d c:/st/stm32cubeide_1.5.1/stm32cubeide/plugins/com.st.stm32cube.ide.mcu.externaltools.gnu-tools-for-stm32.7-2018-q2-update.win32_1.5.0.202011040924/tools/bin/../lib/gcc/arm-none-eabi/7.3.1/thumb/v7-m/crtn.o
OUTPUT(Sensor_project.elf elf32-littlearm)

.debug_info     0x0000000000000000     0x2c69
 .debug_info    0x0000000000000000      0x30f Src/ADC_program.o
 .debug_info    0x000000000000030f      0x2f6 Src/EXTI_program.o
 .debug_info    0x0000000000000605      0x482 Src/GPIO_program.o
 .debug_info    0x0000000000000a87      0x7fe Src/LCD_program.o
 .debug_info    0x0000000000001285      0x36d Src/RCC_program.o
 .debug_info    0x00000000000015f2      0x262 Src/SysTick_program.o
 .debug_info    0x0000000000001854      0x6a7 Src/Timer_program.o
 .debug_info    0x0000000000001efb      0x5ef Src/UART_program.o
 .debug_info    0x00000000000024ea      0x75d Src/main.o
 .debug_info    0x0000000000002c47       0x22 Startup/startup_stm32f103c8tx.o

.debug_abbrev   0x0000000000000000      0xb33
 .debug_abbrev  0x0000000000000000      0x105 Src/ADC_program.o
 .debug_abbrev  0x0000000000000105      0x121 Src/EXTI_program.o
 .debug_abbrev  0x0000000000000226      0x15a Src/GPIO_program.o
 .debug_abbrev  0x0000000000000380      0x177 Src/LCD_program.o
 .debug_abbrev  0x00000000000004f7       0xf3 Src/RCC_program.o
 .debug_abbrev  0x00000000000005ea      0x11c Src/SysTick_program.o
 .debug_abbrev  0x0000000000000706      0x15d Src/Timer_program.o
 .debug_abbrev  0x0000000000000863      0x1f5 Src/UART_program.o
 .debug_abbrev  0x0000000000000a58       0xc9 Src/main.o
 .debug_abbrev  0x0000000000000b21       0x12 Startup/startup_stm32f103c8tx.o

.debug_aranges  0x0000000000000000      0x3e8
 .debug_aranges
                0x0000000000000000       0x50 Src/ADC_program.o
 .debug_aranges
                0x0000000000000050       0x80 Src/EXTI_program.o
 .debug_aranges
                0x00000000000000d0       0x50 Src/GPIO_program.o
 .debug_aranges
                0x0000000000000120       0xb0 Src/LCD_program.o
 .debug_aranges
                0x00000000000001d0       0x40 Src/RCC_program.o
 .debug_aranges
                0x0000000000000210       0x60 Src/SysTick_program.o
 .debug_aranges
                0x0000000000000270       0x98 Src/Timer_program.o
 .debug_aranges
                0x0000000000000308       0x98 Src/UART_program.o
 .debug_aranges
                0x00000000000003a0       0x20 Src/main.o
 .debug_aranges
                0x00000000000003c0       0x28 Startup/startup_stm32f103c8tx.o

.debug_ranges   0x0000000000000000      0x350
 .debug_ranges  0x0000000000000000       0x40 Src/ADC_program.o
 .debug_ranges  0x0000000000000040       0x70 Src/EXTI_program.o
 .debug_ranges  0x00000000000000b0       0x40 Src/GPIO_program.o
 .debug_ranges  0x00000000000000f0       0xa0 Src/LCD_program.o
 .debug_ranges  0x0000000000000190       0x30 Src/RCC_program.o
 .debug_ranges  0x00000000000001c0       0x50 Src/SysTick_program.o
 .debug_ranges  0x0000000000000210       0x88 Src/Timer_program.o
 .debug_ranges  0x0000000000000298       0x88 Src/UART_program.o
 .debug_ranges  0x0000000000000320       0x10 Src/main.o
 .debug_ranges  0x0000000000000330       0x20 Startup/startup_stm32f103c8tx.o

.debug_macro    0x0000000000000000     0x13b5
 .debug_macro   0x0000000000000000       0x49 Src/ADC_program.o
 .debug_macro   0x0000000000000049      0xa60 Src/ADC_program.o
 .debug_macro   0x0000000000000aa9       0x10 Src/ADC_program.o
 .debug_macro   0x0000000000000ab9       0x2e Src/ADC_program.o
 .debug_macro   0x0000000000000ae7       0x70 Src/ADC_program.o
 .debug_macro   0x0000000000000b57       0x5e Src/ADC_program.o
 .debug_macro   0x0000000000000bb5       0x3f Src/EXTI_program.o
 .debug_macro   0x0000000000000bf4       0x22 Src/EXTI_program.o
 .debug_macro   0x0000000000000c16       0x3a Src/EXTI_program.o
 .debug_macro   0x0000000000000c50       0x3e Src/GPIO_program.o
 .debug_macro   0x0000000000000c8e      0x174 Src/GPIO_program.o
 .debug_macro   0x0000000000000e02       0xa6 Src/GPIO_program.o
 .debug_macro   0x0000000000000ea8       0x10 Src/GPIO_program.o
 .debug_macro   0x0000000000000eb8       0x49 Src/LCD_program.o
 .debug_macro   0x0000000000000f01       0x34 Src/LCD_program.o
 .debug_macro   0x0000000000000f35       0x3e Src/RCC_program.o
 .debug_macro   0x0000000000000f73       0x1c Src/RCC_program.o
 .debug_macro   0x0000000000000f8f       0xe8 Src/RCC_program.o
 .debug_macro   0x0000000000001077       0x54 Src/RCC_program.o
 .debug_macro   0x00000000000010cb       0x3f Src/SysTick_program.o
 .debug_macro   0x000000000000110a       0x28 Src/SysTick_program.o
 .debug_macro   0x0000000000001132       0x10 Src/SysTick_program.o
 .debug_macro   0x0000000000001142       0x3f Src/Timer_program.o
 .debug_macro   0x0000000000001181       0x2e Src/Timer_program.o
 .debug_macro   0x00000000000011af       0x10 Src/Timer_program.o
 .debug_macro   0x00000000000011bf       0x3f Src/UART_program.o
 .debug_macro   0x00000000000011fe       0x28 Src/UART_program.o
 .debug_macro   0x0000000000001226       0x16 Src/UART_program.o
 .debug_macro   0x000000000000123c      0x179 Src/main.o

.debug_line     0x0000000000000000     0x20d1
 .debug_line    0x0000000000000000      0x260 Src/ADC_program.o
 .debug_line    0x0000000000000260      0x205 Src/EXTI_program.o
 .debug_line    0x0000000000000465      0x3e2 Src/GPIO_program.o
 .debug_line    0x0000000000000847      0x4eb Src/LCD_program.o
 .debug_line    0x0000000000000d32      0x1f7 Src/RCC_program.o
 .debug_line    0x0000000000000f29      0x1c3 Src/SysTick_program.o
 .debug_line    0x00000000000010ec      0x4a4 Src/Timer_program.o
 .debug_line    0x0000000000001590      0x3cf Src/UART_program.o
 .debug_line    0x000000000000195f      0x6ee Src/main.o
 .debug_line    0x000000000000204d       0x84 Startup/startup_stm32f103c8tx.o

.debug_str      0x0000000000000000     0x6a09
 .debug_str     0x0000000000000000     0x320d Src/ADC_program.o
                                       0x327f (size before relaxing)
 .debug_str     0x000000000000320d      0x368 Src/EXTI_program.o
                                       0x3211 (size before relaxing)
 .debug_str     0x0000000000003575     0x1752 Src/GPIO_program.o
                                       0x4623 (size before relaxing)
 .debug_str     0x0000000000004cc7      0x3c2 Src/LCD_program.o
                                       0x41e8 (size before relaxing)
 .debug_str     0x0000000000005089      0x796 Src/RCC_program.o
                                       0x3654 (size before relaxing)
 .debug_str     0x000000000000581f      0x1dd Src/SysTick_program.o
                                       0x30ab (size before relaxing)
 .debug_str     0x00000000000059fc      0x5d8 Src/Timer_program.o
                                       0x34a5 (size before relaxing)
 .debug_str     0x0000000000005fd4      0x499 Src/UART_program.o
                                       0x3349 (size before relaxing)
 .debug_str     0x000000000000646d      0x56b Src/main.o
                                       0x4ad4 (size before relaxing)
 .debug_str     0x00000000000069d8       0x31 Startup/startup_stm32f103c8tx.o
                                         0x7b (size before relaxing)

.comment        0x0000000000000000       0x7b
 .comment       0x0000000000000000       0x7b Src/ADC_program.o
                                         0x7c (size before relaxing)
 .comment       0x000000000000007b       0x7c Src/EXTI_program.o
 .comment       0x000000000000007b       0x7c Src/GPIO_program.o
 .comment       0x000000000000007b       0x7c Src/LCD_program.o
 .comment       0x000000000000007b       0x7c Src/RCC_program.o
 .comment       0x000000000000007b       0x7c Src/SysTick_program.o
 .comment       0x000000000000007b       0x7c Src/Timer_program.o
 .comment       0x000000000000007b       0x7c Src/UART_program.o
 .comment       0x000000000000007b       0x7c Src/main.o

.debug_frame    0x0000000000000000      0xe60
 .debug_frame   0x0000000000000000      0x118 Src/ADC_program.o
 .debug_frame   0x0000000000000118      0x1bc Src/EXTI_program.o
 .debug_frame   0x00000000000002d4      0x120 Src/GPIO_program.o
 .debug_frame   0x00000000000003f4      0x2c0 Src/LCD_program.o
 .debug_frame   0x00000000000006b4       0xd8 Src/RCC_program.o
 .debug_frame   0x000000000000078c      0x164 Src/SysTick_program.o
 .debug_frame   0x00000000000008f0      0x23c Src/Timer_program.o
 .debug_frame   0x0000000000000b2c      0x260 Src/UART_program.o
 .debug_frame   0x0000000000000d8c       0x30 Src/main.o
 .debug_frame   0x0000000000000dbc       0x2c c:/st/stm32cubeide_1.5.1/stm32cubeide/plugins/com.st.stm32cube.ide.mcu.externaltools.gnu-tools-for-stm32.7-2018-q2-update.win32_1.5.0.202011040924/tools/bin/../lib/gcc/arm-none-eabi/7.3.1/../../../../arm-none-eabi/lib/thumb/v7-m\libc_nano.a(lib_a-init.o)
 .debug_frame   0x0000000000000de8       0x44 c:/st/stm32cubeide_1.5.1/stm32cubeide/plugins/com.st.stm32cube.ide.mcu.externaltools.gnu-tools-for-stm32.7-2018-q2-update.win32_1.5.0.202011040924/tools/bin/../lib/gcc/arm-none-eabi/7.3.1/thumb/v7-m\libgcc.a(_aeabi_ldivmod.o)
 .debug_frame   0x0000000000000e2c       0x34 c:/st/stm32cubeide_1.5.1/stm32cubeide/plugins/com.st.stm32cube.ide.mcu.externaltools.gnu-tools-for-stm32.7-2018-q2-update.win32_1.5.0.202011040924/tools/bin/../lib/gcc/arm-none-eabi/7.3.1/thumb/v7-m\libgcc.a(_udivmoddi4.o)
