EXTI_program.c:17:6:EXTI_voidInit	4	static
EXTI_program.c:58:6:EXTI_voidEnableLine	16	static
EXTI_program.c:62:6:EXTI_voidSetSignalLatch	16	static
EXTI_program.c:78:6:EXTI_voidDisableLine	16	static
EXTI_program.c:82:6:EXTI_voidSetCallBack	16	static
EXTI_program.c:90:6:EXTI_voidSetSoftwareTrigger	16	static
EXTI_program.c:96:6:EXTI0_IRQHandler	8	static
EXTI_program.c:105:6:EXTI1_IRQHandler	8	static
EXTI_program.c:114:6:EXTI2_IRQHandler	8	static
EXTI_program.c:123:6:EXTI3_IRQHandler	8	static
EXTI_program.c:132:6:EXTI4_IRQHandler	8	static
EXTI_program.c:141:6:EXTI9_5_IRQHandler	8	static
EXTI_program.c:176:6:EXTI15_10_IRQHandler	8	static
