LCD_program.c:9:13:Delay_ms	24	static,ignoring_inline_asm
LCD_program.c:21:6:LCD_WriteData	16	static
LCD_program.c:43:6:LCD_WriteCommand	16	static
LCD_program.c:64:6:LCD_Init	8	static
LCD_program.c:80:6:LCD_WriteChar	16	static
LCD_program.c:84:6:LCD_WriteString	24	static
LCD_program.c:97:6:LCD_WriteNumber	48	static
LCD_program.c:146:6:LCD_WriteNumberBinary	24	static
LCD_program.c:163:6:LCD_WriteNumberBinary_16D	24	static
LCD_program.c:178:6:LCD_WriteNumberBinary_8D	24	static
LCD_program.c:194:6:LCD_WriteNumberHex	40	static
LCD_program.c:203:6:LCD_WriteNumber_4D	24	static
LCD_program.c:216:6:LCD_SetCursor	16	static
LCD_program.c:229:6:LCD_Clear	8	static
LCD_program.c:235:5:string_lens	24	static
LCD_program.c:242:6:LCD_CreateChar	24	static
LCD_program.c:348:6:LCD_WriteCharXY	16	static
LCD_program.c:353:6:LCD_WriteStringXY	16	static
LCD_program.c:358:6:LCD_WriteNumberXY	24	static
