Timer_program.c:11:6:TimerInit	16	static
Timer_program.c:65:6:Timer_voidSetCounter	16	static
Timer_program.c:97:5:Timer_u16GetCounts	24	static
Timer_program.c:119:7:Timer_voidReLoadingNoUVE	16	static
Timer_program.c:178:6:timer_voidGPWM	24	static
Timer_program.c:1121:6:Timer_voidEventGenerate	16	static
Timer_program.c:1134:6:Timer_SetCallBack	16	static
Timer_program.c:1156:6:Timer_InterruptEnable	16	static
Timer_program.c:1168:6:Timer_InterruptDisable	16	static
Timer_program.c:1180:6:TIM1_BRK_IRQHandler	8	static
Timer_program.c:1186:6:TIM1_UP_IRQHandler	8	static
Timer_program.c:1191:7:TIM1_TRG_COM_IRQHandler	8	static
Timer_program.c:1197:7:TIM1_CC_IRQHandler	8	static
Timer_program.c:1243:7:TIM2_IRQHandler	8	static
Timer_program.c:1300:7:TIM3_IRQHandler	8	static
Timer_program.c:1356:7:TIM4_IRQHandler	8	static
