UART_program.c:12:6:UART_voidInit	16	static
UART_program.c:92:6:UART_voidSendChar	16	static
UART_program.c:119:4:UART_u8ReciveChar	16	static
UART_program.c:147:4:UART_u8ReciveCharPeriodic	24	static
UART_program.c:185:6:UART_voidSendString	24	static
UART_program.c:223:6:UART_voidReciveString	32	static
UART_program.c:274:6:UART_SendNumber	16	static
UART_program.c:303:6:UART_RecivNumber	24	static
UART_program.c:342:6:UART_voidInterruptEnable	16	static
UART_program.c:398:6:UART_voidInterruptDisable	16	static
UART_program.c:452:6:UART_voidUartDisable	16	static
UART_program.c:483:6:UART_voidUartEnable	16	static
UART_program.c:507:6:UART_voidSetCallBack	16	static
UART_program.c:526:6:USART1_IRQHandler	8	static
UART_program.c:575:6:USART2_IRQHandler	8	static
UART_program.c:622:6:USART3_IRQHandler	8	static
